Archive member included to satisfy reference by file (symbol)

d:/program files/st/stm32cubeide_1.10.1/stm32cubeide/plugins/com.st.stm32cube.ide.mcu.externaltools.gnu-tools-for-stm32.10.3-2021.10.win32_1.0.0.202111181127/tools/bin/../lib/gcc/arm-none-eabi/10.3.1/../../../../arm-none-eabi/lib/thumb/v7e-m+fp/hard\libc_nano.a(lib_a-errno.o)
                              ./Core/Src/syscalls.o (__errno)
d:/program files/st/stm32cubeide_1.10.1/stm32cubeide/plugins/com.st.stm32cube.ide.mcu.externaltools.gnu-tools-for-stm32.10.3-2021.10.win32_1.0.0.202111181127/tools/bin/../lib/gcc/arm-none-eabi/10.3.1/../../../../arm-none-eabi/lib/thumb/v7e-m+fp/hard\libc_nano.a(lib_a-exit.o)
                              d:/program files/st/stm32cubeide_1.10.1/stm32cubeide/plugins/com.st.stm32cube.ide.mcu.externaltools.gnu-tools-for-stm32.10.3-2021.10.win32_1.0.0.202111181127/tools/bin/../lib/gcc/arm-none-eabi/10.3.1/../../../../arm-none-eabi/lib/thumb/v7e-m+fp/hard/crt0.o (exit)
d:/program files/st/stm32cubeide_1.10.1/stm32cubeide/plugins/com.st.stm32cube.ide.mcu.externaltools.gnu-tools-for-stm32.10.3-2021.10.win32_1.0.0.202111181127/tools/bin/../lib/gcc/arm-none-eabi/10.3.1/../../../../arm-none-eabi/lib/thumb/v7e-m+fp/hard\libc_nano.a(lib_a-impure.o)
                              d:/program files/st/stm32cubeide_1.10.1/stm32cubeide/plugins/com.st.stm32cube.ide.mcu.externaltools.gnu-tools-for-stm32.10.3-2021.10.win32_1.0.0.202111181127/tools/bin/../lib/gcc/arm-none-eabi/10.3.1/../../../../arm-none-eabi/lib/thumb/v7e-m+fp/hard\libc_nano.a(lib_a-exit.o) (_global_impure_ptr)
d:/program files/st/stm32cubeide_1.10.1/stm32cubeide/plugins/com.st.stm32cube.ide.mcu.externaltools.gnu-tools-for-stm32.10.3-2021.10.win32_1.0.0.202111181127/tools/bin/../lib/gcc/arm-none-eabi/10.3.1/../../../../arm-none-eabi/lib/thumb/v7e-m+fp/hard\libc_nano.a(lib_a-init.o)
                              d:/program files/st/stm32cubeide_1.10.1/stm32cubeide/plugins/com.st.stm32cube.ide.mcu.externaltools.gnu-tools-for-stm32.10.3-2021.10.win32_1.0.0.202111181127/tools/bin/../lib/gcc/arm-none-eabi/10.3.1/../../../../arm-none-eabi/lib/thumb/v7e-m+fp/hard/crt0.o (__libc_init_array)
d:/program files/st/stm32cubeide_1.10.1/stm32cubeide/plugins/com.st.stm32cube.ide.mcu.externaltools.gnu-tools-for-stm32.10.3-2021.10.win32_1.0.0.202111181127/tools/bin/../lib/gcc/arm-none-eabi/10.3.1/../../../../arm-none-eabi/lib/thumb/v7e-m+fp/hard\libc_nano.a(lib_a-malloc.o)
                              ./Core/Src/main.o (malloc)
d:/program files/st/stm32cubeide_1.10.1/stm32cubeide/plugins/com.st.stm32cube.ide.mcu.externaltools.gnu-tools-for-stm32.10.3-2021.10.win32_1.0.0.202111181127/tools/bin/../lib/gcc/arm-none-eabi/10.3.1/../../../../arm-none-eabi/lib/thumb/v7e-m+fp/hard\libc_nano.a(lib_a-memcpy-stub.o)
                              ./Core/Src/main.o (memcpy)
d:/program files/st/stm32cubeide_1.10.1/stm32cubeide/plugins/com.st.stm32cube.ide.mcu.externaltools.gnu-tools-for-stm32.10.3-2021.10.win32_1.0.0.202111181127/tools/bin/../lib/gcc/arm-none-eabi/10.3.1/../../../../arm-none-eabi/lib/thumb/v7e-m+fp/hard\libc_nano.a(lib_a-memset.o)
                              d:/program files/st/stm32cubeide_1.10.1/stm32cubeide/plugins/com.st.stm32cube.ide.mcu.externaltools.gnu-tools-for-stm32.10.3-2021.10.win32_1.0.0.202111181127/tools/bin/../lib/gcc/arm-none-eabi/10.3.1/../../../../arm-none-eabi/lib/thumb/v7e-m+fp/hard/crt0.o (memset)
d:/program files/st/stm32cubeide_1.10.1/stm32cubeide/plugins/com.st.stm32cube.ide.mcu.externaltools.gnu-tools-for-stm32.10.3-2021.10.win32_1.0.0.202111181127/tools/bin/../lib/gcc/arm-none-eabi/10.3.1/../../../../arm-none-eabi/lib/thumb/v7e-m+fp/hard\libc_nano.a(lib_a-nano-freer.o)
                              d:/program files/st/stm32cubeide_1.10.1/stm32cubeide/plugins/com.st.stm32cube.ide.mcu.externaltools.gnu-tools-for-stm32.10.3-2021.10.win32_1.0.0.202111181127/tools/bin/../lib/gcc/arm-none-eabi/10.3.1/../../../../arm-none-eabi/lib/thumb/v7e-m+fp/hard\libc_nano.a(lib_a-malloc.o) (_free_r)
d:/program files/st/stm32cubeide_1.10.1/stm32cubeide/plugins/com.st.stm32cube.ide.mcu.externaltools.gnu-tools-for-stm32.10.3-2021.10.win32_1.0.0.202111181127/tools/bin/../lib/gcc/arm-none-eabi/10.3.1/../../../../arm-none-eabi/lib/thumb/v7e-m+fp/hard\libc_nano.a(lib_a-nano-mallocr.o)
                              d:/program files/st/stm32cubeide_1.10.1/stm32cubeide/plugins/com.st.stm32cube.ide.mcu.externaltools.gnu-tools-for-stm32.10.3-2021.10.win32_1.0.0.202111181127/tools/bin/../lib/gcc/arm-none-eabi/10.3.1/../../../../arm-none-eabi/lib/thumb/v7e-m+fp/hard\libc_nano.a(lib_a-malloc.o) (_malloc_r)
d:/program files/st/stm32cubeide_1.10.1/stm32cubeide/plugins/com.st.stm32cube.ide.mcu.externaltools.gnu-tools-for-stm32.10.3-2021.10.win32_1.0.0.202111181127/tools/bin/../lib/gcc/arm-none-eabi/10.3.1/../../../../arm-none-eabi/lib/thumb/v7e-m+fp/hard\libc_nano.a(lib_a-sbrkr.o)
[...]
Memory Configuration

Name             Origin             Length             Attributes
CCMRAM           0x0000000010000000 0x0000000000010000 xrw
RAM              0x0000000020000000 0x0000000000020000 xrw
FLASH            0x0000000008000000 0x0000000000080000 xr
*default*        0x0000000000000000 0xffffffffffffffff

Linker script and memory map

LOAD d:/program files/st/stm32cubeide_1.10.1/stm32cubeide/plugins/com.st.stm32cube.ide.mcu.externaltools.gnu-tools-for-stm32.10.3-2021.10.win32_1.0.0.202111181127/tools/bin/../lib/gcc/arm-none-eabi/10.3.1/thumb/v7e-m+fp/hard/crti.o
LOAD d:/program files/st/stm32cubeide_1.10.1/stm32cubeide/plugins/com.st.stm32cube.ide.mcu.externaltools.gnu-tools-for-stm32.10.3-2021.10.win32_1.0.0.202111181127/tools/bin/../lib/gcc/arm-none-eabi/10.3.1/thumb/v7e-m+fp/hard/crtbegin.o
LOAD d:/program files/st/stm32cubeide_1.10.1/stm32cubeide/plugins/com.st.stm32cube.ide.mcu.externaltools.gnu-tools-for-stm32.10.3-2021.10.win32_1.0.0.202111181127/tools/bin/../lib/gcc/arm-none-eabi/10.3.1/../../../../arm-none-eabi/lib/thumb/v7e-m+fp/hard/crt0.o
LOAD ./Core/Src/main.o
LOAD ./Core/Src/max_matrix_stm32.o
LOAD ./Core/Src/rc522.o
LOAD ./Core/Src/stm32f4xx_hal_msp.o
LOAD ./Core/Src/stm32f4xx_it.o
LOAD ./Core/Src/syscalls.o
LOAD ./Core/Src/sysmem.o
LOAD ./Core/Src/system_stm32f4xx.o
LOAD ./Core/Startup/startup_stm32f407vetx.o
LOAD ./Drivers/STM32F4xx_HAL_Driver/Src/stm32f4xx_hal.o
LOAD ./Drivers/STM32F4xx_HAL_Driver/Src/stm32f4xx_hal_cortex.o
LOAD ./Drivers/STM32F4xx_HAL_Driver/Src/stm32f4xx_hal_dma.o
LOAD ./Drivers/STM32F4xx_HAL_Driver/Src/stm32f4xx_hal_dma_ex.o
LOAD ./Drivers/STM32F4xx_HAL_Driver/Src/stm32f4xx_hal_exti.o
LOAD ./Drivers/STM32F4xx_HAL_Driver/Src/stm32f4xx_hal_flash.o
LOAD ./Drivers/STM32F4xx_HAL_Driver/Src/stm32f4xx_hal_flash_ex.o
LOAD ./Drivers/STM32F4xx_HAL_Driver/Src/stm32f4xx_hal_flash_ramfunc.o
LOAD ./Drivers/STM32F4xx_HAL_Driver/Src/stm32f4xx_hal_gpio.o
LOAD ./Drivers/STM32F4xx_HAL_Driver/Src/stm32f4xx_hal_pwr.o
LOAD ./Drivers/STM32F4xx_HAL_Driver/Src/stm32f4xx_hal_pwr_ex.o
LOAD ./Drivers/STM32F4xx_HAL_Driver/Src/stm32f4xx_hal_rcc.o
LOAD ./Drivers/STM32F4xx_HAL_Driver/Src/stm32f4xx_hal_rcc_ex.o
LOAD ./Drivers/STM32F4xx_HAL_Driver/Src/stm32f4xx_hal_spi.o
LOAD ./Drivers/STM32F4xx_HAL_Driver/Src/stm32f4xx_hal_tim.o
LOAD ./Drivers/STM32F4xx_HAL_Driver/Src/stm32f4xx_hal_tim_ex.o
LOAD ./Drivers/STM32F4xx_HAL_Driver/Src/stm32f4xx_hal_uart.o
START GROUP
LOAD d:/program files/st/stm32cubeide_1.10.1/stm32cubeide/plugins/com.st.stm32cube.ide.mcu.externaltools.gnu-tools-for-stm32.10.3-2021.10.win32_1.0.0.202111181127/tools/bin/../lib/gcc/arm-none-eabi/10.3.1/../../../../arm-none-eabi/lib/thumb/v7e-m+fp/hard\libc_nano.a
LOAD d:/program files/st/stm32cubeide_1.10.1/stm32cubeide/plugins/com.st.stm32cube.ide.mcu.externaltools.gnu-tools-for-stm32.10.3-2021.10.win32_1.0.0.202111181127/tools/bin/../lib/gcc/arm-none-eabi/10.3.1/../../../../arm-none-eabi/lib/thumb/v7e-m+fp/hard\libm.a
END GROUP
START GROUP
LOAD d:/program files/st/stm32cubeide_1.10.1/stm32cubeide/plugins/com.st.stm32cube.ide.mcu.externaltools.gnu-tools-for-stm32.10.3-2021.10.win32_1.0.0.202111181127/tools/bin/../lib/gcc/arm-none-eabi/10.3.1/thumb/v7e-m+fp/hard\libgcc.a
LOAD d:/program files/st/stm32cubeide_1.10.1/stm32cubeide/plugins/com.st.stm32cube.ide.mcu.externaltools.gnu-tools-for-stm32.10.3-2021.10.win32_1.0.0.202111181127/tools/bin/../lib/gcc/arm-none-eabi/10.3.1/../../../../arm-none-eabi/lib/thumb/v7e-m+fp/hard\libc_nano.a
END GROUP
START GROUP
LOAD d:/program files/st/stm32cubeide_1.10.1/stm32cubeide/plugins/com.st.stm32cube.ide.mcu.externaltools.gnu-tools-for-stm32.10.3-2021.10.win32_1.0.0.202111181127/tools/bin/../lib/gcc/arm-none-eabi/10.3.1/thumb/v7e-m+fp/hard\libgcc.a
LOAD d:/program files/st/stm32cubeide_1.10.1/stm32cubeide/plugins/com.st.stm32cube.ide.mcu.externaltools.gnu-tools-for-stm32.10.3-2021.10.win32_1.0.0.202111181127/tools/bin/../lib/gcc/arm-none-eabi/10.3.1/../../../../arm-none-eabi/lib/thumb/v7e-m+fp/hard\libc_nano.a
LOAD d:/program files/st/stm32cubeide_1.10.1/stm32cubeide/plugins/com.st.stm32cube.ide.mcu.externaltools.gnu-tools-for-stm32.10.3-2021.10.win32_1.0.0.202111181127/tools/bin/../lib/gcc/arm-none-eabi/10.3.1/../../../../arm-none-eabi/lib/thumb/v7e-m+fp/hard\libnosys.a
END GROUP
START GROUP
LOAD d:/program files/st/stm32cubeide_1.10.1/stm32cubeide/plugins/com.st.stm32cube.ide.mcu.externaltools.gnu-tools-for-stm32.10.3-2021.10.win32_1.0.0.202111181127/tools/bin/../lib/gcc/arm-none-eabi/10.3.1/thumb/v7e-m+fp/hard\libgcc.a
LOAD d:/program files/st/stm32cubeide_1.10.1/stm32cubeide/plugins/com.st.stm32cube.ide.mcu.externaltools.gnu-tools-for-stm32.10.3-2021.10.win32_1.0.0.202111181127/tools/bin/../lib/gcc/arm-none-eabi/10.3.1/../../../../arm-none-eabi/lib/thumb/v7e-m+fp/hard\libc_nano.a
LOAD d:/program files/st/stm32cubeide_1.10.1/stm32cubeide/plugins/com.st.stm32cube.ide.mcu.externaltools.gnu-tools-for-stm32.10.3-2021.10.win32_1.0.0.202111181127/tools/bin/../lib/gcc/arm-none-eabi/10.3.1/../../../../arm-none-eabi/lib/thumb/v7e-m+fp/hard\libnosys.a
END GROUP
LOAD d:/program files/st/stm32cubeide_1.10.1/stm32cubeide/plugins/com.st.stm32cube.ide.mcu.externaltools.gnu-tools-for-stm32.10.3-2021.10.win32_1.0.0.202111181127/tools/bin/../lib/gcc/arm-none-eabi/10.3.1/thumb/v7e-m+fp/hard/crtend.o
LOAD d:/program files/st/stm32cubeide_1.10.1/stm32cubeide/plugins/com.st.stm32cube.ide.mcu.externaltools.gnu-tools-for-stm32.10.3-2021.10.win32_1.0.0.202111181127/tools/bin/../lib/gcc/arm-none-eabi/10.3.1/thumb/v7e-m+fp/hard/crtn.o
                0x0000000020020000                _estack = (ORIGIN (RAM) + LENGTH (RAM))
                0x0000000000000200                _Min_Heap_Size = 0x200
                0x0000000000000400                _Min_Stack_Size = 0x400

.isr_vector     0x0000000008000000      0x188
                0x0000000008000000                . = ALIGN (0x4)
 *(.isr_vector)
 .isr_vector    0x0000000008000000      0x188 ./Core/Startup/startup_stm32f407vetx.o
                0x0000000008000000                g_pfnVectors
                0x0000000008000188                . = ALIGN (0x4)

.text           0x0000000008000190     0x5cf4
                0x0000000008000190                . = ALIGN (0x4)
 *(.text)
 .text          0x0000000008000190       0x40 d:/program files/st/stm32cubeide_1.10.1/stm32cubeide/plugins/com.st.stm32cube.ide.mcu.externaltools.gnu-tools-for-stm32.10.3-2021.10.win32_1.0.0.202111181127/tools/bin/../lib/gcc/arm-none-eabi/10.3.1/thumb/v7e-m+fp/hard/crtbegin.o
 .text          0x00000000080001d0       0x14 d:/program files/st/stm32cubeide_1.10.1/stm32cubeide/plugins/com.st.stm32cube.ide.mcu.externaltools.gnu-tools-for-stm32.10.3-2021.10.win32_1.0.0.202111181127/tools/bin/../lib/gcc/arm-none-eabi/10.3.1/../../../../arm-none-eabi/lib/thumb/v7e-m+fp/hard\libc_nano.a(lib_a-strcmp.o)
                0x00000000080001d0                strcmp
 .text          0x00000000080001e4       0x10 d:/program files/st/stm32cubeide_1.10.1/stm32cubeide/plugins/com.st.stm32cube.ide.mcu.externaltools.gnu-tools-for-stm32.10.3-2021.10.win32_1.0.0.202111181127/tools/bin/../lib/gcc/arm-none-eabi/10.3.1/../../../../arm-none-eabi/lib/thumb/v7e-m+fp/hard\libc_nano.a(lib_a-strlen.o)
                0x00000000080001e4                strlen
 *fill*         0x00000000080001f4        0xc 
 .text          0x0000000008000200       0xa0 d:/program files/st/stm32cubeide_1.10.1/stm32cubeide/plugins/com.st.stm32cube.ide.mcu.externaltools.gnu-tools-for-stm32.10.3-2021.10.win32_1.0.0.202111181127/tools/bin/../lib/gcc/arm-none-eabi/10.3.1/../../../../arm-none-eabi/lib/thumb/v7e-m+fp/hard\libc_nano.a(lib_a-memchr.o)
                0x0000000008000200                memchr
 .text          0x00000000080002a0       0x30 d:/program files/st/stm32cubeide_1.10.1/stm32cubeide/plugins/com.st.stm32cube.ide.mcu.externaltools.gnu-tools-for-stm32.10.3-2021.10.win32_1.0.0.202111181127/tools/bin/../lib/gcc/arm-none-eabi/10.3.1/thumb/v7e-m+fp/hard\libgcc.a(_aeabi_uldivmod.o)
                0x00000000080002a0                __aeabi_uldivmod
 .text          0x00000000080002d0      0x2d0 d:/program files/st/stm32cubeide_1.10.1/stm32cubeide/plugins/com.st.stm32cube.ide.mcu.externaltools.gnu-tools-for-stm32.10.3-2021.10.win32_1.0.0.202111181127/tools/bin/../lib/gcc/arm-none-eabi/10.3.1/thumb/v7e-m+fp/hard\libgcc.a(_udivmoddi4.o)
                0x00000000080002d0                __udivmoddi4
 .text          0x00000000080005a0        0x4 d:/program files/st/stm32cubeide_1.10.1/stm32cubeide/plugins/com.st.stm32cube.ide.mcu.externaltools.gnu-tools-for-stm32.10.3-2021.10.win32_1.0.0.202111181127/tools/bin/../lib/gcc/arm-none-eabi/10.3.1/thumb/v7e-m+fp/hard\libgcc.a(_dvmd_tls.o)
                0x00000000080005a0                __aeabi_idiv0
                0x00000000080005a0                __aeabi_ldiv0
 *(.text*)
 .text.main     0x00000000080005a4      0x1d4 ./Core/Src/main.o
                0x00000000080005a4                main
 .text.SystemClock_Config
                0x0000000008000778       0xd4 ./Core/Src/main.o
                0x0000000008000778                SystemClock_Config
 .text.MX_SPI2_Init
                0x000000000800084c       0x6c ./Core/Src/main.o
 .text.MX_TIM4_Init
                0x00000000080008b8       0x9c ./Core/Src/main.o
 .text.MX_USART1_UART_Init
                0x0000000008000954       0x58 ./Core/Src/main.o
 .text.MX_GPIO_Init
                0x00000000080009ac      0x1e4 ./Core/Src/main.o
 .text.HAL_UART_RxCpltCallback
                0x0000000008000b90       0xc8 ./Core/Src/main.o
                0x0000000008000b90                HAL_UART_RxCpltCallback
 .text.ProcessUARTCommand
                0x0000000008000c58      0x330 ./Core/Src/main.o
                0x0000000008000c58                ProcessUARTCommand
 .text.GetSTMuID
                0x0000000008000f88       0x54 ./Core/Src/main.o
                0x0000000008000f88                GetSTMuID
 .text.TurnRelayEnabled
                0x0000000008000fdc       0xd8 ./Core/Src/main.o
                0x0000000008000fdc                TurnRelayEnabled
 .text.TurnRelayDisabled
                0x00000000080010b4       0xdc ./Core/Src/main.o
                0x00000000080010b4                TurnRelayDisabled
 .text.HAL_GPIO_EXTI_Callback
                0x0000000008001190      0x24c ./Core/Src/main.o
                0x0000000008001190                HAL_GPIO_EXTI_Callback
 .text.InteractWithRC522
                0x00000000080013dc      0x124 ./Core/Src/main.o
                0x00000000080013dc                InteractWithRC522
 .text.Error_Handler
                0x0000000008001500        0xa ./Core/Src/main.o
                0x0000000008001500                Error_Handler
 *fill*         0x000000000800150a        0x2 
 .text.write_byte
                0x000000000800150c       0x58 ./Core/Src/max_matrix_stm32.o
                0x000000000800150c                write_byte
 .text.write_max_cmd
                0x0000000008001564       0x5c ./Core/Src/max_matrix_stm32.o
                0x0000000008001564                write_max_cmd
 .text.setled   0x00000000080015c0       0xd8 ./Core/Src/max_matrix_stm32.o
                0x00000000080015c0                setled
 .text.setrow   0x0000000008001698       0xa0 ./Core/Src/max_matrix_stm32.o
                0x0000000008001698                setrow
 .text.shift_char
                0x0000000008001738       0xa4 ./Core/Src/max_matrix_stm32.o
                0x0000000008001738                shift_char
 .text.scroll_string
                0x00000000080017dc       0x36 ./Core/Src/max_matrix_stm32.o
                0x00000000080017dc                scroll_string
 *fill*         0x0000000008001812        0x2 
 .text.max_clear
                0x0000000008001814       0x5c ./Core/Src/max_matrix_stm32.o
                0x0000000008001814                max_clear
 .text.shiftleft
                0x0000000008001870       0x70 ./Core/Src/max_matrix_stm32.o
                0x0000000008001870                shiftleft
 .text.shiftright
                0x00000000080018e0       0x6c ./Core/Src/max_matrix_stm32.o
                0x00000000080018e0                shiftright
 .text.max_init
                0x000000000800194c       0x40 ./Core/Src/max_matrix_stm32.o
                0x000000000800194c                max_init
 .text.SPI1SendByte
                0x000000000800198c       0x30 ./Core/Src/rc522.o
                0x000000000800198c                SPI1SendByte
 .text.SPI1_WriteReg
                0x00000000080019bc       0x44 ./Core/Src/rc522.o
                0x00000000080019bc                SPI1_WriteReg
 .text.SPI1_ReadReg
                0x0000000008001a00       0x44 ./Core/Src/rc522.o
                0x0000000008001a00                SPI1_ReadReg
 .text.MFRC522_WriteRegister
                0x0000000008001a44       0x30 ./Core/Src/rc522.o
                0x0000000008001a44                MFRC522_WriteRegister
 .text.MFRC522_ReadRegister
                0x0000000008001a74       0x34 ./Core/Src/rc522.o
                0x0000000008001a74                MFRC522_ReadRegister
 .text.MFRC522_SetBitMask
                0x0000000008001aa8       0x34 ./Core/Src/rc522.o
                0x0000000008001aa8                MFRC522_SetBitMask
 .text.MFRC522_ClearBitMask
                0x0000000008001adc       0x3c ./Core/Src/rc522.o
                0x0000000008001adc                MFRC522_ClearBitMask
 .text.MFRC522_Request
                0x0000000008001b18       0x4a ./Core/Src/rc522.o
                0x0000000008001b18                MFRC522_Request
 .text.MFRC522_ToCard
                0x0000000008001b62      0x19e ./Core/Src/rc522.o
                0x0000000008001b62                MFRC522_ToCard
 .text.MFRC522_Anticoll
                0x0000000008001d00       0x7a ./Core/Src/rc522.o
                0x0000000008001d00                MFRC522_Anticoll
 .text.MFRC522_CalculateCRC
                0x0000000008001d7a       0x92 ./Core/Src/rc522.o
                0x0000000008001d7a                MFRC522_CalculateCRC
 .text.MFRC522_Init
                0x0000000008001e0c       0x48 ./Core/Src/rc522.o
                0x0000000008001e0c                MFRC522_Init
 .text.MFRC522_Reset
                0x0000000008001e54       0x10 ./Core/Src/rc522.o
                0x0000000008001e54                MFRC522_Reset
 .text.MFRC522_AntennaOn
                0x0000000008001e64       0x2a ./Core/Src/rc522.o
                0x0000000008001e64                MFRC522_AntennaOn
 .text.MFRC522_AntennaOff
                0x0000000008001e8e       0x10 ./Core/Src/rc522.o
                0x0000000008001e8e                MFRC522_AntennaOff
 .text.MFRC522_Halt
                0x0000000008001e9e       0x36 ./Core/Src/rc522.o
                0x0000000008001e9e                MFRC522_Halt
 .text.HAL_MspInit
                0x0000000008001ed4       0x50 ./Core/Src/stm32f4xx_hal_msp.o
                0x0000000008001ed4                HAL_MspInit
 .text.HAL_SPI_MspInit
                0x0000000008001f24       0xd0 ./Core/Src/stm32f4xx_hal_msp.o
                0x0000000008001f24                HAL_SPI_MspInit
 .text.HAL_TIM_Base_MspInit
                0x0000000008001ff4       0x50 ./Core/Src/stm32f4xx_hal_msp.o
                0x0000000008001ff4                HAL_TIM_Base_MspInit
 .text.HAL_UART_MspInit
                0x0000000008002044       0xa0 ./Core/Src/stm32f4xx_hal_msp.o
                0x0000000008002044                HAL_UART_MspInit
 .text.NMI_Handler
                0x00000000080020e4        0x6 ./Core/Src/stm32f4xx_it.o
                0x00000000080020e4                NMI_Handler
 .text.HardFault_Handler
                0x00000000080020ea        0x6 ./Core/Src/stm32f4xx_it.o
                0x00000000080020ea                HardFault_Handler
 .text.MemManage_Handler
                0x00000000080020f0        0x6 ./Core/Src/stm32f4xx_it.o
                0x00000000080020f0                MemManage_Handler
 .text.BusFault_Handler
                0x00000000080020f6        0x6 ./Core/Src/stm32f4xx_it.o
                0x00000000080020f6                BusFault_Handler
 .text.UsageFault_Handler
                0x00000000080020fc        0x6 ./Core/Src/stm32f4xx_it.o
                0x00000000080020fc                UsageFault_Handler
 .text.SVC_Handler
                0x0000000008002102        0xe ./Core/Src/stm32f4xx_it.o
                0x0000000008002102                SVC_Handler
 .text.DebugMon_Handler
                0x0000000008002110        0xe ./Core/Src/stm32f4xx_it.o
                0x0000000008002110                DebugMon_Handler
 .text.PendSV_Handler
                0x000000000800211e        0xe ./Core/Src/stm32f4xx_it.o
                0x000000000800211e                PendSV_Handler
 .text.SysTick_Handler
                0x000000000800212c        0xc ./Core/Src/stm32f4xx_it.o
                0x000000000800212c                SysTick_Handler
 .text.EXTI9_5_IRQHandler
                0x0000000008002138       0x1e ./Core/Src/stm32f4xx_it.o
                0x0000000008002138                EXTI9_5_IRQHandler
 *fill*         0x0000000008002156        0x2 
 .text.TIM4_IRQHandler
                0x0000000008002158       0x14 ./Core/Src/stm32f4xx_it.o
                0x0000000008002158                TIM4_IRQHandler
 .text.USART1_IRQHandler
                0x000000000800216c       0x14 ./Core/Src/stm32f4xx_it.o
                0x000000000800216c                USART1_IRQHandler
 .text.EXTI15_10_IRQHandler
                0x0000000008002180       0x30 ./Core/Src/stm32f4xx_it.o
                0x0000000008002180                EXTI15_10_IRQHandler
 .text._sbrk    0x00000000080021b0       0x6c ./Core/Src/sysmem.o
                0x00000000080021b0                _sbrk
 .text.SystemInit
                0x000000000800221c       0x24 ./Core/Src/system_stm32f4xx.o
                0x000000000800221c                SystemInit
 .text.Reset_Handler
                0x0000000008002240       0x50 ./Core/Startup/startup_stm32f407vetx.o
                0x0000000008002240                Reset_Handler
 .text.Default_Handler
                0x0000000008002290        0x2 ./Core/Startup/startup_stm32f407vetx.o
                0x0000000008002290                RTC_Alarm_IRQHandler
                0x0000000008002290                HASH_RNG_IRQHandler
                0x0000000008002290                EXTI2_IRQHandler
                0x0000000008002290                TIM8_CC_IRQHandler
                0x0000000008002290                TIM1_CC_IRQHandler
                0x0000000008002290                DMA2_Stream5_IRQHandler
                0x0000000008002290                DMA1_Stream5_IRQHandler
                0x0000000008002290                PVD_IRQHandler
                0x0000000008002290                SDIO_IRQHandler
                0x0000000008002290                TAMP_STAMP_IRQHandler
                0x0000000008002290                CAN2_RX1_IRQHandler
                0x0000000008002290                EXTI3_IRQHandler
                0x0000000008002290                TIM8_TRG_COM_TIM14_IRQHandler
                0x0000000008002290                TIM1_UP_TIM10_IRQHandler
                0x0000000008002290                TIM8_UP_TIM13_IRQHandler
                0x0000000008002290                I2C3_ER_IRQHandler
                0x0000000008002290                EXTI0_IRQHandler
                0x0000000008002290                I2C2_EV_IRQHandler
                0x0000000008002290                DMA1_Stream2_IRQHandler
                0x0000000008002290                CAN1_RX0_IRQHandler
                0x0000000008002290                FPU_IRQHandler
                0x0000000008002290                OTG_HS_WKUP_IRQHandler
                0x0000000008002290                CAN2_SCE_IRQHandler
                0x0000000008002290                DMA2_Stream2_IRQHandler
                0x0000000008002290                SPI1_IRQHandler
                0x0000000008002290                TIM6_DAC_IRQHandler
                0x0000000008002290                TIM1_BRK_TIM9_IRQHandler
                0x0000000008002290                DCMI_IRQHandler
                0x0000000008002290                CAN2_RX0_IRQHandler
                0x0000000008002290                DMA2_Stream3_IRQHandler
                0x0000000008002290                USART6_IRQHandler
                0x0000000008002290                USART3_IRQHandler
                0x0000000008002290                CAN1_RX1_IRQHandler
                0x0000000008002290                UART5_IRQHandler
                0x0000000008002290                DMA2_Stream0_IRQHandler
                0x0000000008002290                I2C1_EV_IRQHandler
                0x0000000008002290                DMA1_Stream6_IRQHandler
                0x0000000008002290                DMA1_Stream1_IRQHandler
                0x0000000008002290                UART4_IRQHandler
                0x0000000008002290                TIM3_IRQHandler
                0x0000000008002290                RCC_IRQHandler
                0x0000000008002290                TIM8_BRK_TIM12_IRQHandler
                0x0000000008002290                Default_Handler
                0x0000000008002290                ADC_IRQHandler
                0x0000000008002290                DMA1_Stream7_IRQHandler
                0x0000000008002290                TIM7_IRQHandler
                0x0000000008002290                CAN2_TX_IRQHandler
                0x0000000008002290                TIM5_IRQHandler
                0x0000000008002290                DMA2_Stream7_IRQHandler
                0x0000000008002290                I2C3_EV_IRQHandler
                0x0000000008002290                RTC_WKUP_IRQHandler
                0x0000000008002290                ETH_WKUP_IRQHandler
                0x0000000008002290                SPI2_IRQHandler
                0x0000000008002290                OTG_HS_EP1_IN_IRQHandler
                0x0000000008002290                DMA1_Stream0_IRQHandler
                0x0000000008002290                CAN1_TX_IRQHandler
                0x0000000008002290                EXTI4_IRQHandler
                0x0000000008002290                FSMC_IRQHandler
                0x0000000008002290                ETH_IRQHandler
                0x0000000008002290                OTG_HS_EP1_OUT_IRQHandler
                0x0000000008002290                WWDG_IRQHandler
                0x0000000008002290                TIM2_IRQHandler
                0x0000000008002290                OTG_FS_WKUP_IRQHandler
                0x0000000008002290                TIM1_TRG_COM_TIM11_IRQHandler
                0x0000000008002290                OTG_HS_IRQHandler
                0x0000000008002290                EXTI1_IRQHandler
                0x0000000008002290                USART2_IRQHandler
                0x0000000008002290                I2C2_ER_IRQHandler
                0x0000000008002290                DMA2_Stream1_IRQHandler
                0x0000000008002290                CAN1_SCE_IRQHandler
                0x0000000008002290                FLASH_IRQHandler
                0x0000000008002290                DMA2_Stream4_IRQHandler
                0x0000000008002290                OTG_FS_IRQHandler
                0x0000000008002290                SPI3_IRQHandler
                0x0000000008002290                DMA1_Stream4_IRQHandler
                0x0000000008002290                I2C1_ER_IRQHandler
                0x0000000008002290                DMA2_Stream6_IRQHandler
                0x0000000008002290                DMA1_Stream3_IRQHandler
 *fill*         0x0000000008002292        0x2 
 .text.HAL_Init
                0x0000000008002294       0x44 ./Drivers/STM32F4xx_HAL_Driver/Src/stm32f4xx_hal.o
                0x0000000008002294                HAL_Init
 .text.HAL_InitTick
                0x00000000080022d8       0x60 ./Drivers/STM32F4xx_HAL_Driver/Src/stm32f4xx_hal.o
                0x00000000080022d8                HAL_InitTick
 .text.HAL_IncTick
                0x0000000008002338       0x28 ./Drivers/STM32F4xx_HAL_Driver/Src/stm32f4xx_hal.o
                0x0000000008002338                HAL_IncTick
 .text.HAL_GetTick
                0x0000000008002360       0x18 ./Drivers/STM32F4xx_HAL_Driver/Src/stm32f4xx_hal.o
                0x0000000008002360                HAL_GetTick
 .text.HAL_Delay
                0x0000000008002378       0x48 ./Drivers/STM32F4xx_HAL_Driver/Src/stm32f4xx_hal.o
                0x0000000008002378                HAL_Delay
 .text.__NVIC_SetPriorityGrouping
                0x00000000080023c0       0x48 ./Drivers/STM32F4xx_HAL_Driver/Src/stm32f4xx_hal_cortex.o
 .text.__NVIC_GetPriorityGrouping
                0x0000000008002408       0x1c ./Drivers/STM32F4xx_HAL_Driver/Src/stm32f4xx_hal_cortex.o
 .text.__NVIC_EnableIRQ
                0x0000000008002424       0x3c ./Drivers/STM32F4xx_HAL_Driver/Src/stm32f4xx_hal_cortex.o
 .text.__NVIC_SetPriority
                0x0000000008002460       0x54 ./Drivers/STM32F4xx_HAL_Driver/Src/stm32f4xx_hal_cortex.o
 .text.NVIC_EncodePriority
                0x00000000080024b4       0x66 ./Drivers/STM32F4xx_HAL_Driver/Src/stm32f4xx_hal_cortex.o
 *fill*         0x000000000800251a        0x2 
 .text.SysTick_Config
                0x000000000800251c       0x44 ./Drivers/STM32F4xx_HAL_Driver/Src/stm32f4xx_hal_cortex.o
 .text.HAL_NVIC_SetPriorityGrouping
                0x0000000008002560       0x16 ./Drivers/STM32F4xx_HAL_Driver/Src/stm32f4xx_hal_cortex.o
                0x0000000008002560                HAL_NVIC_SetPriorityGrouping
 .text.HAL_NVIC_SetPriority
                0x0000000008002576       0x38 ./Drivers/STM32F4xx_HAL_Driver/Src/stm32f4xx_hal_cortex.o
                0x0000000008002576                HAL_NVIC_SetPriority
 .text.HAL_NVIC_EnableIRQ
                0x00000000080025ae       0x1c ./Drivers/STM32F4xx_HAL_Driver/Src/stm32f4xx_hal_cortex.o
                0x00000000080025ae                HAL_NVIC_EnableIRQ
 .text.HAL_SYSTICK_Config
                0x00000000080025ca       0x18 ./Drivers/STM32F4xx_HAL_Driver/Src/stm32f4xx_hal_cortex.o
                0x00000000080025ca                HAL_SYSTICK_Config
 .text.HAL_DMA_Abort
                0x00000000080025e2       0xe0 ./Drivers/STM32F4xx_HAL_Driver/Src/stm32f4xx_hal_dma.o
                0x00000000080025e2                HAL_DMA_Abort
 .text.HAL_DMA_Abort_IT
                0x00000000080026c2       0x44 ./Drivers/STM32F4xx_HAL_Driver/Src/stm32f4xx_hal_dma.o
                0x00000000080026c2                HAL_DMA_Abort_IT
 *fill*         0x0000000008002706        0x2 
 .text.HAL_GPIO_Init
                0x0000000008002708      0x338 ./Drivers/STM32F4xx_HAL_Driver/Src/stm32f4xx_hal_gpio.o
                0x0000000008002708                HAL_GPIO_Init
 .text.HAL_GPIO_WritePin
                0x0000000008002a40       0x32 ./Drivers/STM32F4xx_HAL_Driver/Src/stm32f4xx_hal_gpio.o
                0x0000000008002a40                HAL_GPIO_WritePin
 .text.HAL_GPIO_TogglePin
                0x0000000008002a72       0x34 ./Drivers/STM32F4xx_HAL_Driver/Src/stm32f4xx_hal_gpio.o
                0x0000000008002a72                HAL_GPIO_TogglePin
 *fill*         0x0000000008002aa6        0x2 
 .text.HAL_GPIO_EXTI_IRQHandler
                0x0000000008002aa8       0x30 ./Drivers/STM32F4xx_HAL_Driver/Src/stm32f4xx_hal_gpio.o
                0x0000000008002aa8                HAL_GPIO_EXTI_IRQHandler
 .text.HAL_RCC_OscConfig
                0x0000000008002ad8      0x4f0 ./Drivers/STM32F4xx_HAL_Driver/Src/stm32f4xx_hal_rcc.o
                0x0000000008002ad8                HAL_RCC_OscConfig
 .text.HAL_RCC_ClockConfig
                0x0000000008002fc8      0x1cc ./Drivers/STM32F4xx_HAL_Driver/Src/stm32f4xx_hal_rcc.o
                0x0000000008002fc8                HAL_RCC_ClockConfig
 .text.HAL_RCC_GetSysClockFreq
                0x0000000008003194      0x20c ./Drivers/STM32F4xx_HAL_Driver/Src/stm32f4xx_hal_rcc.o
                0x0000000008003194                HAL_RCC_GetSysClockFreq
 .text.HAL_RCC_GetHCLKFreq
                0x00000000080033a0       0x18 ./Drivers/STM32F4xx_HAL_Driver/Src/stm32f4xx_hal_rcc.o
                0x00000000080033a0                HAL_RCC_GetHCLKFreq
 .text.HAL_RCC_GetPCLK1Freq
                0x00000000080033b8       0x28 ./Drivers/STM32F4xx_HAL_Driver/Src/stm32f4xx_hal_rcc.o
                0x00000000080033b8                HAL_RCC_GetPCLK1Freq
 .text.HAL_RCC_GetPCLK2Freq
                0x00000000080033e0       0x28 ./Drivers/STM32F4xx_HAL_Driver/Src/stm32f4xx_hal_rcc.o
                0x00000000080033e0                HAL_RCC_GetPCLK2Freq
 .text.HAL_SPI_Init
                0x0000000008003408      0x112 ./Drivers/STM32F4xx_HAL_Driver/Src/stm32f4xx_hal_spi.o
                0x0000000008003408                HAL_SPI_Init
 .text.HAL_SPI_TransmitReceive
                0x000000000800351a      0x344 ./Drivers/STM32F4xx_HAL_Driver/Src/stm32f4xx_hal_spi.o
                0x000000000800351a                HAL_SPI_TransmitReceive
 *fill*         0x000000000800385e        0x2 
 .text.SPI_WaitFlagStateUntilTimeout
                0x0000000008003860      0x110 ./Drivers/STM32F4xx_HAL_Driver/Src/stm32f4xx_hal_spi.o
 .text.SPI_EndRxTxTransaction
                0x0000000008003970       0x84 ./Drivers/STM32F4xx_HAL_Driver/Src/stm32f4xx_hal_spi.o
 .text.HAL_TIM_Base_Init
                0x00000000080039f4       0x9e ./Drivers/STM32F4xx_HAL_Driver/Src/stm32f4xx_hal_tim.o
                0x00000000080039f4                HAL_TIM_Base_Init
 .text.HAL_TIM_IRQHandler
                0x0000000008003a92      0x210 ./Drivers/STM32F4xx_HAL_Driver/Src/stm32f4xx_hal_tim.o
                0x0000000008003a92                HAL_TIM_IRQHandler
 .text.HAL_TIM_ConfigClockSource
                0x0000000008003ca2      0x18e ./Drivers/STM32F4xx_HAL_Driver/Src/stm32f4xx_hal_tim.o
                0x0000000008003ca2                HAL_TIM_ConfigClockSource
 .text.HAL_TIM_PeriodElapsedCallback
                0x0000000008003e30       0x14 ./Drivers/STM32F4xx_HAL_Driver/Src/stm32f4xx_hal_tim.o
                0x0000000008003e30                HAL_TIM_PeriodElapsedCallback
 .text.HAL_TIM_OC_DelayElapsedCallback
                0x0000000008003e44       0x14 ./Drivers/STM32F4xx_HAL_Driver/Src/stm32f4xx_hal_tim.o
                0x0000000008003e44                HAL_TIM_OC_DelayElapsedCallback
 .text.HAL_TIM_IC_CaptureCallback
                0x0000000008003e58       0x14 ./Drivers/STM32F4xx_HAL_Driver/Src/stm32f4xx_hal_tim.o
                0x0000000008003e58                HAL_TIM_IC_CaptureCallback
 .text.HAL_TIM_PWM_PulseFinishedCallback
                0x0000000008003e6c       0x14 ./Drivers/STM32F4xx_HAL_Driver/Src/stm32f4xx_hal_tim.o
                0x0000000008003e6c                HAL_TIM_PWM_PulseFinishedCallback
 .text.HAL_TIM_TriggerCallback
                0x0000000008003e80       0x14 ./Drivers/STM32F4xx_HAL_Driver/Src/stm32f4xx_hal_tim.o
                0x0000000008003e80                HAL_TIM_TriggerCallback
 .text.TIM_Base_SetConfig
                0x0000000008003e94      0x140 ./Drivers/STM32F4xx_HAL_Driver/Src/stm32f4xx_hal_tim.o
                0x0000000008003e94                TIM_Base_SetConfig
 .text.TIM_TI1_ConfigInputStage
                0x0000000008003fd4       0x5e ./Drivers/STM32F4xx_HAL_Driver/Src/stm32f4xx_hal_tim.o
 .text.TIM_TI2_ConfigInputStage
                0x0000000008004032       0x60 ./Drivers/STM32F4xx_HAL_Driver/Src/stm32f4xx_hal_tim.o
 .text.TIM_ITRx_SetConfig
                0x0000000008004092       0x36 ./Drivers/STM32F4xx_HAL_Driver/Src/stm32f4xx_hal_tim.o
 .text.TIM_ETR_SetConfig
                0x00000000080040c8       0x40 ./Drivers/STM32F4xx_HAL_Driver/Src/stm32f4xx_hal_tim.o
                0x00000000080040c8                TIM_ETR_SetConfig
 .text.HAL_TIMEx_MasterConfigSynchronization
                0x0000000008004108       0xf8 ./Drivers/STM32F4xx_HAL_Driver/Src/stm32f4xx_hal_tim_ex.o
                0x0000000008004108                HAL_TIMEx_MasterConfigSynchronization
 .text.HAL_TIMEx_CommutCallback
                0x0000000008004200       0x14 ./Drivers/STM32F4xx_HAL_Driver/Src/stm32f4xx_hal_tim_ex.o
                0x0000000008004200                HAL_TIMEx_CommutCallback
 .text.HAL_TIMEx_BreakCallback
                0x0000000008004214       0x14 ./Drivers/STM32F4xx_HAL_Driver/Src/stm32f4xx_hal_tim_ex.o
                0x0000000008004214                HAL_TIMEx_BreakCallback
 .text.HAL_MultiProcessor_Init
                0x0000000008004228       0xe0 ./Drivers/STM32F4xx_HAL_Driver/Src/stm32f4xx_hal_uart.o
                0x0000000008004228                HAL_MultiProcessor_Init
 .text.HAL_UART_Transmit
                0x0000000008004308      0x124 ./Drivers/STM32F4xx_HAL_Driver/Src/stm32f4xx_hal_uart.o
                0x0000000008004308                HAL_UART_Transmit
 .text.HAL_UART_Receive_IT
                0x000000000800442c       0x60 ./Drivers/STM32F4xx_HAL_Driver/Src/stm32f4xx_hal_uart.o
                0x000000000800442c                HAL_UART_Receive_IT
 .text.HAL_UART_IRQHandler
                0x000000000800448c      0x51c ./Drivers/STM32F4xx_HAL_Driver/Src/stm32f4xx_hal_uart.o
                0x000000000800448c                HAL_UART_IRQHandler
 .text.HAL_UART_TxCpltCallback
                0x00000000080049a8       0x14 ./Drivers/STM32F4xx_HAL_Driver/Src/stm32f4xx_hal_uart.o
                0x00000000080049a8                HAL_UART_TxCpltCallback
 .text.HAL_UART_ErrorCallback
                0x00000000080049bc       0x14 ./Drivers/STM32F4xx_HAL_Driver/Src/stm32f4xx_hal_uart.o
                0x00000000080049bc                HAL_UART_ErrorCallback
 .text.HAL_UARTEx_RxEventCallback
                0x00000000080049d0       0x18 ./Drivers/STM32F4xx_HAL_Driver/Src/stm32f4xx_hal_uart.o
                0x00000000080049d0                HAL_UARTEx_RxEventCallback
 .text.UART_WaitOnFlagUntilTimeout
                0x00000000080049e8       0xdc ./Drivers/STM32F4xx_HAL_Driver/Src/stm32f4xx_hal_uart.o
 .text.UART_Start_Receive_IT
                0x0000000008004ac4       0x7c ./Drivers/STM32F4xx_HAL_Driver/Src/stm32f4xx_hal_uart.o
                0x0000000008004ac4                UART_Start_Receive_IT
 .text.UART_EndRxTransfer
                0x0000000008004b40       0xc6 ./Drivers/STM32F4xx_HAL_Driver/Src/stm32f4xx_hal_uart.o
 .text.UART_DMAAbortOnError
                0x0000000008004c06       0x28 ./Drivers/STM32F4xx_HAL_Driver/Src/stm32f4xx_hal_uart.o
 .text.UART_Transmit_IT
                0x0000000008004c2e       0xa0 ./Drivers/STM32F4xx_HAL_Driver/Src/stm32f4xx_hal_uart.o
 .text.UART_EndTransmit_IT
                0x0000000008004cce       0x30 ./Drivers/STM32F4xx_HAL_Driver/Src/stm32f4xx_hal_uart.o
 .text.UART_Receive_IT
                0x0000000008004cfe      0x176 ./Drivers/STM32F4xx_HAL_Driver/Src/stm32f4xx_hal_uart.o
 .text.UART_SetConfig
                0x0000000008004e74      0x4e8 ./Drivers/STM32F4xx_HAL_Driver/Src/stm32f4xx_hal_uart.o
 .text.__errno  0x000000000800535c        0xc d:/program files/st/stm32cubeide_1.10.1/stm32cubeide/plugins/com.st.stm32cube.ide.mcu.externaltools.gnu-tools-for-stm32.10.3-2021.10.win32_1.0.0.202111181127/tools/bin/../lib/gcc/arm-none-eabi/10.3.1/../../../../arm-none-eabi/lib/thumb/v7e-m+fp/hard\libc_nano.a(lib_a-errno.o)
                0x000000000800535c                __errno
 .text.__libc_init_array
                0x0000000008005368       0x48 d:/program files/st/stm32cubeide_1.10.1/stm32cubeide/plugins/com.st.stm32cube.ide.mcu.externaltools.gnu-tools-for-stm32.10.3-2021.10.win32_1.0.0.202111181127/tools/bin/../lib/gcc/arm-none-eabi/10.3.1/../../../../arm-none-eabi/lib/thumb/v7e-m+fp/hard\libc_nano.a(lib_a-init.o)
                0x0000000008005368                __libc_init_array
 .text.malloc   0x00000000080053b0       0x10 d:/program files/st/stm32cubeide_1.10.1/stm32cubeide/plugins/com.st.stm32cube.ide.mcu.externaltools.gnu-tools-for-stm32.10.3-2021.10.win32_1.0.0.202111181127/tools/bin/../lib/gcc/arm-none-eabi/10.3.1/../../../../arm-none-eabi/lib/thumb/v7e-m+fp/hard\libc_nano.a(lib_a-malloc.o)
                0x00000000080053b0                malloc
 .text.free     0x00000000080053c0       0x10 d:/program files/st/stm32cubeide_1.10.1/stm32cubeide/plugins/com.st.stm32cube.ide.mcu.externaltools.gnu-tools-for-stm32.10.3-2021.10.win32_1.0.0.202111181127/tools/bin/../lib/gcc/arm-none-eabi/10.3.1/../../../../arm-none-eabi/lib/thumb/v7e-m+fp/hard\libc_nano.a(lib_a-malloc.o)
                0x00000000080053c0                free
 .text.memcpy   0x00000000080053d0       0x1c d:/program files/st/stm32cubeide_1.10.1/stm32cubeide/plugins/com.st.stm32cube.ide.mcu.externaltools.gnu-tools-for-stm32.10.3-2021.10.win32_1.0.0.202111181127/tools/bin/../lib/gcc/arm-none-eabi/10.3.1/../../../../arm-none-eabi/lib/thumb/v7e-m+fp/hard\libc_nano.a(lib_a-memcpy-stub.o)
                0x00000000080053d0                memcpy
 .text.memset   0x00000000080053ec       0x10 d:/program files/st/stm32cubeide_1.10.1/stm32cubeide/plugins/com.st.stm32cube.ide.mcu.externaltools.gnu-tools-for-stm32.10.3-2021.10.win32_1.0.0.202111181127/tools/bin/../lib/gcc/arm-none-eabi/10.3.1/../../../../arm-none-eabi/lib/thumb/v7e-m+fp/hard\libc_nano.a(lib_a-memset.o)
                0x00000000080053ec                memset
 .text._free_r  0x00000000080053fc       0x98 d:/program files/st/stm32cubeide_1.10.1/stm32cubeide/plugins/com.st.stm32cube.ide.mcu.externaltools.gnu-tools-for-stm32.10.3-2021.10.win32_1.0.0.202111181127/tools/bin/../lib/gcc/arm-none-eabi/10.3.1/../../../../arm-none-eabi/lib/thumb/v7e-m+fp/hard\libc_nano.a(lib_a-nano-freer.o)
                0x00000000080053fc                _free_r
 .text.sbrk_aligned
                0x0000000008005494       0x40 d:/program files/st/stm32cubeide_1.10.1/stm32cubeide/plugins/com.st.stm32cube.ide.mcu.externaltools.gnu-tools-for-stm32.10.3-2021.10.win32_1.0.0.202111181127/tools/bin/../lib/gcc/arm-none-eabi/10.3.1/../../../../arm-none-eabi/lib/thumb/v7e-m+fp/hard\libc_nano.a(lib_a-nano-mallocr.o)
 .text._malloc_r
                0x00000000080054d4       0xe8 d:/program files/st/stm32cubeide_1.10.1/stm32cubeide/plugins/com.st.stm32cube.ide.mcu.externaltools.gnu-tools-for-stm32.10.3-2021.10.win32_1.0.0.202111181127/tools/bin/../lib/gcc/arm-none-eabi/10.3.1/../../../../arm-none-eabi/lib/thumb/v7e-m+fp/hard\libc_nano.a(lib_a-nano-mallocr.o)
                0x00000000080054d4                _malloc_r
 .text._sbrk_r  0x00000000080055bc       0x20 d:/program files/st/stm32cubeide_1.10.1/stm32cubeide/plugins/com.st.stm32cube.ide.mcu.externaltools.gnu-tools-for-stm32.10.3-2021.10.win32_1.0.0.202111181127/tools/bin/../lib/gcc/arm-none-eabi/10.3.1/../../../../arm-none-eabi/lib/thumb/v7e-m+fp/hard\libc_nano.a(lib_a-sbrkr.o)
                0x00000000080055bc                _sbrk_r
 .text.snprintf
                0x00000000080055dc       0x68 d:/program files/st/stm32cubeide_1.10.1/stm32cubeide/plugins/com.st.stm32cube.ide.mcu.externaltools.gnu-tools-for-stm32.10.3-2021.10.win32_1.0.0.202111181127/tools/bin/../lib/gcc/arm-none-eabi/10.3.1/../../../../arm-none-eabi/lib/thumb/v7e-m+fp/hard\libc_nano.a(lib_a-snprintf.o)
                0x00000000080055dc                sniprintf
                0x00000000080055dc                snprintf
 .text.sprintf  0x0000000008005644       0x40 d:/program files/st/stm32cubeide_1.10.1/stm32cubeide/plugins/com.st.stm32cube.ide.mcu.externaltools.gnu-tools-for-stm32.10.3-2021.10.win32_1.0.0.202111181127/tools/bin/../lib/gcc/arm-none-eabi/10.3.1/../../../../arm-none-eabi/lib/thumb/v7e-m+fp/hard\libc_nano.a(lib_a-sprintf.o)
                0x0000000008005644                siprintf
                0x0000000008005644                sprintf
 .text.strcat   0x0000000008005684       0x1e d:/program files/st/stm32cubeide_1.10.1/stm32cubeide/plugins/com.st.stm32cube.ide.mcu.externaltools.gnu-tools-for-stm32.10.3-2021.10.win32_1.0.0.202111181127/tools/bin/../lib/gcc/arm-none-eabi/10.3.1/../../../../arm-none-eabi/lib/thumb/v7e-m+fp/hard\libc_nano.a(lib_a-strcat.o)
                0x0000000008005684                strcat
 .text.strcpy   0x00000000080056a2       0x10 d:/program files/st/stm32cubeide_1.10.1/stm32cubeide/plugins/com.st.stm32cube.ide.mcu.externaltools.gnu-tools-for-stm32.10.3-2021.10.win32_1.0.0.202111181127/tools/bin/../lib/gcc/arm-none-eabi/10.3.1/../../../../arm-none-eabi/lib/thumb/v7e-m+fp/hard\libc_nano.a(lib_a-strcpy.o)
                0x00000000080056a2                strcpy
 *fill*         0x00000000080056b2        0x2 
 .text._strtol_l.constprop.0
                0x00000000080056b4      0x104 d:/program files/st/stm32cubeide_1.10.1/stm32cubeide/plugins/com.st.stm32cube.ide.mcu.externaltools.gnu-tools-for-stm32.10.3-2021.10.win32_1.0.0.202111181127/tools/bin/../lib/gcc/arm-none-eabi/10.3.1/../../../../arm-none-eabi/lib/thumb/v7e-m+fp/hard\libc_nano.a(lib_a-strtol.o)
 .text.strtol   0x00000000080057b8       0x14 d:/program files/st/stm32cubeide_1.10.1/stm32cubeide/plugins/com.st.stm32cube.ide.mcu.externaltools.gnu-tools-for-stm32.10.3-2021.10.win32_1.0.0.202111181127/tools/bin/../lib/gcc/arm-none-eabi/10.3.1/../../../../arm-none-eabi/lib/thumb/v7e-m+fp/hard\libc_nano.a(lib_a-strtol.o)
                0x00000000080057b8                strtol
 .text.__malloc_lock
                0x00000000080057cc        0xc d:/program files/st/stm32cubeide_1.10.1/stm32cubeide/plugins/com.st.stm32cube.ide.mcu.externaltools.gnu-tools-for-stm32.10.3-2021.10.win32_1.0.0.202111181127/tools/bin/../lib/gcc/arm-none-eabi/10.3.1/../../../../arm-none-eabi/lib/thumb/v7e-m+fp/hard\libc_nano.a(lib_a-mlock.o)
                0x00000000080057cc                __malloc_lock
 .text.__malloc_unlock
                0x00000000080057d8        0xc d:/program files/st/stm32cubeide_1.10.1/stm32cubeide/plugins/com.st.stm32cube.ide.mcu.externaltools.gnu-tools-for-stm32.10.3-2021.10.win32_1.0.0.202111181127/tools/bin/../lib/gcc/arm-none-eabi/10.3.1/../../../../arm-none-eabi/lib/thumb/v7e-m+fp/hard\libc_nano.a(lib_a-mlock.o)
                0x00000000080057d8                __malloc_unlock
 .text.__ssputs_r
                0x00000000080057e4       0xb6 d:/program files/st/stm32cubeide_1.10.1/stm32cubeide/plugins/com.st.stm32cube.ide.mcu.externaltools.gnu-tools-for-stm32.10.3-2021.10.win32_1.0.0.202111181127/tools/bin/../lib/gcc/arm-none-eabi/10.3.1/../../../../arm-none-eabi/lib/thumb/v7e-m+fp/hard\libc_nano.a(lib_a-nano-svfprintf.o)
                0x00000000080057e4                __ssputs_r
 *fill*         0x000000000800589a        0x2 
 .text._svfprintf_r
                0x000000000800589c      0x200 d:/program files/st/stm32cubeide_1.10.1/stm32cubeide/plugins/com.st.stm32cube.ide.mcu.externaltools.gnu-tools-for-stm32.10.3-2021.10.win32_1.0.0.202111181127/tools/bin/../lib/gcc/arm-none-eabi/10.3.1/../../../../arm-none-eabi/lib/thumb/v7e-m+fp/hard\libc_nano.a(lib_a-nano-svfprintf.o)
                0x000000000800589c                _svfiprintf_r
                0x000000000800589c                _svfprintf_r
 .text._printf_common
                0x0000000008005a9c       0xda d:/program files/st/stm32cubeide_1.10.1/stm32cubeide/plugins/com.st.stm32cube.ide.mcu.externaltools.gnu-tools-for-stm32.10.3-2021.10.win32_1.0.0.202111181127/tools/bin/../lib/gcc/arm-none-eabi/10.3.1/../../../../arm-none-eabi/lib/thumb/v7e-m+fp/hard\libc_nano.a(lib_a-nano-vfprintf_i.o)
                0x0000000008005a9c                _printf_common
 *fill*         0x0000000008005b76        0x2 
 .text._printf_i
                0x0000000008005b78      0x24c d:/program files/st/stm32cubeide_1.10.1/stm32cubeide/plugins/com.st.stm32cube.ide.mcu.externaltools.gnu-tools-for-stm32.10.3-2021.10.win32_1.0.0.202111181127/tools/bin/../lib/gcc/arm-none-eabi/10.3.1/../../../../arm-none-eabi/lib/thumb/v7e-m+fp/hard\libc_nano.a(lib_a-nano-vfprintf_i.o)
                0x0000000008005b78                _printf_i
 .text.__retarget_lock_acquire_recursive
                0x0000000008005dc4        0x2 d:/program files/st/stm32cubeide_1.10.1/stm32cubeide/plugins/com.st.stm32cube.ide.mcu.externaltools.gnu-tools-for-stm32.10.3-2021.10.win32_1.0.0.202111181127/tools/bin/../lib/gcc/arm-none-eabi/10.3.1/../../../../arm-none-eabi/lib/thumb/v7e-m+fp/hard\libc_nano.a(lib_a-lock.o)
                0x0000000008005dc4                __retarget_lock_acquire_recursive
 .text.__retarget_lock_release_recursive
                0x0000000008005dc6        0x2 d:/program files/st/stm32cubeide_1.10.1/stm32cubeide/plugins/com.st.stm32cube.ide.mcu.externaltools.gnu-tools-for-stm32.10.3-2021.10.win32_1.0.0.202111181127/tools/bin/../lib/gcc/arm-none-eabi/10.3.1/../../../../arm-none-eabi/lib/thumb/v7e-m+fp/hard\libc_nano.a(lib_a-lock.o)
                0x0000000008005dc6                __retarget_lock_release_recursive
 .text.memmove  0x0000000008005dc8       0x34 d:/program files/st/stm32cubeide_1.10.1/stm32cubeide/plugins/com.st.stm32cube.ide.mcu.externaltools.gnu-tools-for-stm32.10.3-2021.10.win32_1.0.0.202111181127/tools/bin/../lib/gcc/arm-none-eabi/10.3.1/../../../../arm-none-eabi/lib/thumb/v7e-m+fp/hard\libc_nano.a(lib_a-memmove.o)
                0x0000000008005dc8                memmove
 .text._realloc_r
                0x0000000008005dfc       0x5e d:/program files/st/stm32cubeide_1.10.1/stm32cubeide/plugins/com.st.stm32cube.ide.mcu.externaltools.gnu-tools-for-stm32.10.3-2021.10.win32_1.0.0.202111181127/tools/bin/../lib/gcc/arm-none-eabi/10.3.1/../../../../arm-none-eabi/lib/thumb/v7e-m+fp/hard\libc_nano.a(lib_a-nano-reallocr.o)
                0x0000000008005dfc                _realloc_r
 .text._malloc_usable_size_r
                0x0000000008005e5a       0x10 d:/program files/st/stm32cubeide_1.10.1/stm32cubeide/plugins/com.st.stm32cube.ide.mcu.externaltools.gnu-tools-for-stm32.10.3-2021.10.win32_1.0.0.202111181127/tools/bin/../lib/gcc/arm-none-eabi/10.3.1/../../../../arm-none-eabi/lib/thumb/v7e-m+fp/hard\libc_nano.a(lib_a-nano-msizer.o)
                0x0000000008005e5a                _malloc_usable_size_r
 *(.glue_7)
 .glue_7        0x0000000008005e6a        0x0 linker stubs
 *(.glue_7t)
 .glue_7t       0x0000000008005e6a        0x0 linker stubs
 *(.eh_frame)
 *fill*         0x0000000008005e6a        0x2 
 .eh_frame      0x0000000008005e6c        0x0 d:/program files/st/stm32cubeide_1.10.1/stm32cubeide/plugins/com.st.stm32cube.ide.mcu.externaltools.gnu-tools-for-stm32.10.3-2021.10.win32_1.0.0.202111181127/tools/bin/../lib/gcc/arm-none-eabi/10.3.1/thumb/v7e-m+fp/hard/crtbegin.o
 *(.init)
 .init          0x0000000008005e6c        0x4 d:/program files/st/stm32cubeide_1.10.1/stm32cubeide/plugins/com.st.stm32cube.ide.mcu.externaltools.gnu-tools-for-stm32.10.3-2021.10.win32_1.0.0.202111181127/tools/bin/../lib/gcc/arm-none-eabi/10.3.1/thumb/v7e-m+fp/hard/crti.o
                0x0000000008005e6c                _init
 .init          0x0000000008005e70        0x8 d:/program files/st/stm32cubeide_1.10.1/stm32cubeide/plugins/com.st.stm32cube.ide.mcu.externaltools.gnu-tools-for-stm32.10.3-2021.10.win32_1.0.0.202111181127/tools/bin/../lib/gcc/arm-none-eabi/10.3.1/thumb/v7e-m+fp/hard/crtn.o
 *(.fini)
 .fini          0x0000000008005e78        0x4 d:/program files/st/stm32cubeide_1.10.1/stm32cubeide/plugins/com.st.stm32cube.ide.mcu.externaltools.gnu-tools-for-stm32.10.3-2021.10.win32_1.0.0.202111181127/tools/bin/../lib/gcc/arm-none-eabi/10.3.1/thumb/v7e-m+fp/hard/crti.o
                0x0000000008005e78                _fini
 .fini          0x0000000008005e7c        0x8 d:/program files/st/stm32cubeide_1.10.1/stm32cubeide/plugins/com.st.stm32cube.ide.mcu.externaltools.gnu-tools-for-stm32.10.3-2021.10.win32_1.0.0.202111181127/tools/bin/../lib/gcc/arm-none-eabi/10.3.1/thumb/v7e-m+fp/hard/crtn.o
                0x0000000008005e84                . = ALIGN (0x4)
                0x0000000008005e84                _etext = .

.vfp11_veneer   0x0000000008005e84        0x0
 .vfp11_veneer  0x0000000008005e84        0x0 linker stubs

.v4_bx          0x0000000008005e84        0x0
 .v4_bx         0x0000000008005e84        0x0 linker stubs

.iplt           0x0000000008005e84        0x0
 .iplt          0x0000000008005e84        0x0 d:/program files/st/stm32cubeide_1.10.1/stm32cubeide/plugins/com.st.stm32cube.ide.mcu.externaltools.gnu-tools-for-stm32.10.3-2021.10.win32_1.0.0.202111181127/tools/bin/../lib/gcc/arm-none-eabi/10.3.1/thumb/v7e-m+fp/hard/crtbegin.o

.rodata         0x0000000008005e84      0x2f0
                0x0000000008005e84                . = ALIGN (0x4)
 *(.rodata)
 .rodata        0x0000000008005e84      0x1a4 ./Core/Src/main.o
 *(.rodata*)
 .rodata.AHBPrescTable
                0x0000000008006028       0x10 ./Core/Src/system_stm32f4xx.o
                0x0000000008006028                AHBPrescTable
 .rodata.APBPrescTable
                0x0000000008006038        0x8 ./Core/Src/system_stm32f4xx.o
                0x0000000008006038                APBPrescTable
 .rodata._ctype_
                0x0000000008006040      0x101 d:/program files/st/stm32cubeide_1.10.1/stm32cubeide/plugins/com.st.stm32cube.ide.mcu.externaltools.gnu-tools-for-stm32.10.3-2021.10.win32_1.0.0.202111181127/tools/bin/../lib/gcc/arm-none-eabi/10.3.1/../../../../arm-none-eabi/lib/thumb/v7e-m+fp/hard\libc_nano.a(lib_a-ctype_.o)
                0x0000000008006040                _ctype_
 .rodata._svfprintf_r.str1.1
                0x0000000008006141       0x11 d:/program files/st/stm32cubeide_1.10.1/stm32cubeide/plugins/com.st.stm32cube.ide.mcu.externaltools.gnu-tools-for-stm32.10.3-2021.10.win32_1.0.0.202111181127/tools/bin/../lib/gcc/arm-none-eabi/10.3.1/../../../../arm-none-eabi/lib/thumb/v7e-m+fp/hard\libc_nano.a(lib_a-nano-svfprintf.o)
 .rodata._printf_i.str1.1
                0x0000000008006152       0x22 d:/program files/st/stm32cubeide_1.10.1/stm32cubeide/plugins/com.st.stm32cube.ide.mcu.externaltools.gnu-tools-for-stm32.10.3-2021.10.win32_1.0.0.202111181127/tools/bin/../lib/gcc/arm-none-eabi/10.3.1/../../../../arm-none-eabi/lib/thumb/v7e-m+fp/hard\libc_nano.a(lib_a-nano-vfprintf_i.o)
                0x0000000008006174                . = ALIGN (0x4)

.ARM.extab      0x0000000008006174        0x0
                0x0000000008006174                . = ALIGN (0x4)
 *(.ARM.extab* .gnu.linkonce.armextab.*)
                0x0000000008006174                . = ALIGN (0x4)

.ARM            0x0000000008006174        0x8
                0x0000000008006174                . = ALIGN (0x4)
                0x0000000008006174                __exidx_start = .
 *(.ARM.exidx*)
 .ARM.exidx     0x0000000008006174        0x8 d:/program files/st/stm32cubeide_1.10.1/stm32cubeide/plugins/com.st.stm32cube.ide.mcu.externaltools.gnu-tools-for-stm32.10.3-2021.10.win32_1.0.0.202111181127/tools/bin/../lib/gcc/arm-none-eabi/10.3.1/thumb/v7e-m+fp/hard\libgcc.a(_udivmoddi4.o)
                0x000000000800617c                __exidx_end = .
                0x000000000800617c                . = ALIGN (0x4)

.rel.dyn        0x000000000800617c        0x0
 .rel.iplt      0x000000000800617c        0x0 d:/program files/st/stm32cubeide_1.10.1/stm32cubeide/plugins/com.st.stm32cube.ide.mcu.externaltools.gnu-tools-for-stm32.10.3-2021.10.win32_1.0.0.202111181127/tools/bin/../lib/gcc/arm-none-eabi/10.3.1/thumb/v7e-m+fp/hard/crtbegin.o

.preinit_array  0x000000000800617c        0x0
                0x000000000800617c                . = ALIGN (0x4)
                0x000000000800617c                PROVIDE (__preinit_array_start = .)
 *(.preinit_array*)
                0x000000000800617c                PROVIDE (__preinit_array_end = .)
                0x000000000800617c                . = ALIGN (0x4)

.init_array     0x000000000800617c        0x4
                0x000000000800617c                . = ALIGN (0x4)
                0x000000000800617c                PROVIDE (__init_array_start = .)
 *(SORT_BY_NAME(.init_array.*))
 *(.init_array*)
 .init_array    0x000000000800617c        0x4 d:/program files/st/stm32cubeide_1.10.1/stm32cubeide/plugins/com.st.stm32cube.ide.mcu.externaltools.gnu-tools-for-stm32.10.3-2021.10.win32_1.0.0.202111181127/tools/bin/../lib/gcc/arm-none-eabi/10.3.1/thumb/v7e-m+fp/hard/crtbegin.o
                0x0000000008006180                PROVIDE (__init_array_end = .)
                0x0000000008006180                . = ALIGN (0x4)

.fini_array     0x0000000008006180        0x4
                0x0000000008006180                . = ALIGN (0x4)
                [!provide]                        PROVIDE (__fini_array_start = .)
 *(SORT_BY_NAME(.fini_array.*))
 *(.fini_array*)
 .fini_array    0x0000000008006180        0x4 d:/program files/st/stm32cubeide_1.10.1/stm32cubeide/plugins/com.st.stm32cube.ide.mcu.externaltools.gnu-tools-for-stm32.10.3-2021.10.win32_1.0.0.202111181127/tools/bin/../lib/gcc/arm-none-eabi/10.3.1/thumb/v7e-m+fp/hard/crtbegin.o
                [!provide]                        PROVIDE (__fini_array_end = .)
                0x0000000008006184                . = ALIGN (0x4)
                0x0000000008006184                _sidata = LOADADDR (.data)

.data           0x0000000020000000      0x468 load address 0x0000000008006184
                0x0000000020000000                . = ALIGN (0x4)
                0x0000000020000000                _sdata = .
 *(.data)
 *(.data*)
 .data.CH       0x0000000020000000      0x3f8 ./Core/Src/max_matrix_stm32.o
                0x0000000020000000                CH
 .data.SystemCoreClock
                0x00000000200003f8        0x4 ./Core/Src/system_stm32f4xx.o
                0x00000000200003f8                SystemCoreClock
 .data.uwTickPrio
                0x00000000200003fc        0x4 ./Drivers/STM32F4xx_HAL_Driver/Src/stm32f4xx_hal.o
                0x00000000200003fc                uwTickPrio
 .data.uwTickFreq
                0x0000000020000400        0x1 ./Drivers/STM32F4xx_HAL_Driver/Src/stm32f4xx_hal.o
                0x0000000020000400                uwTickFreq
 *fill*         0x0000000020000401        0x3 
 .data._impure_ptr
                0x0000000020000404        0x4 d:/program files/st/stm32cubeide_1.10.1/stm32cubeide/plugins/com.st.stm32cube.ide.mcu.externaltools.gnu-tools-for-stm32.10.3-2021.10.win32_1.0.0.202111181127/tools/bin/../lib/gcc/arm-none-eabi/10.3.1/../../../../arm-none-eabi/lib/thumb/v7e-m+fp/hard\libc_nano.a(lib_a-impure.o)
                0x0000000020000404                _impure_ptr
 .data.impure_data
                0x0000000020000408       0x60 d:/program files/st/stm32cubeide_1.10.1/stm32cubeide/plugins/com.st.stm32cube.ide.mcu.externaltools.gnu-tools-for-stm32.10.3-2021.10.win32_1.0.0.202111181127/tools/bin/../lib/gcc/arm-none-eabi/10.3.1/../../../../arm-none-eabi/lib/thumb/v7e-m+fp/hard\libc_nano.a(lib_a-impure.o)
 *(.RamFunc)
 *(.RamFunc*)
                0x0000000020000468                . = ALIGN (0x4)
                0x0000000020000468                _edata = .
                0x00000000080065ec                _siccmram = LOADADDR (.ccmram)

.igot.plt       0x0000000020000468        0x0 load address 0x00000000080065ec
 .igot.plt      0x0000000020000468        0x0 d:/program files/st/stm32cubeide_1.10.1/stm32cubeide/plugins/com.st.stm32cube.ide.mcu.externaltools.gnu-tools-for-stm32.10.3-2021.10.win32_1.0.0.202111181127/tools/bin/../lib/gcc/arm-none-eabi/10.3.1/thumb/v7e-m+fp/hard/crtbegin.o

.ccmram         0x0000000010000000        0x0 load address 0x00000000080065ec
                0x0000000010000000                . = ALIGN (0x4)
                0x0000000010000000                _sccmram = .
 *(.ccmram)
 *(.ccmram*)
                0x0000000010000000                . = ALIGN (0x4)
                0x0000000010000000                _eccmram = .
                0x0000000010000000                . = ALIGN (0x4)

.bss            0x0000000020000468      0x1f0
                0x0000000020000468                _sbss = .
                0x0000000020000468                __bss_start__ = _sbss
 *(.bss)
 .bss           0x0000000020000468       0x1c d:/program files/st/stm32cubeide_1.10.1/stm32cubeide/plugins/com.st.stm32cube.ide.mcu.externaltools.gnu-tools-for-stm32.10.3-2021.10.win32_1.0.0.202111181127/tools/bin/../lib/gcc/arm-none-eabi/10.3.1/thumb/v7e-m+fp/hard/crtbegin.o
 *(.bss*)
 .bss.hspi2     0x0000000020000484       0x58 ./Core/Src/main.o
                0x0000000020000484                hspi2
 .bss.htim4     0x00000000200004dc       0x48 ./Core/Src/main.o
                0x00000000200004dc                htim4
 .bss.huart1    0x0000000020000524       0x44 ./Core/Src/main.o
                0x0000000020000524                huart1
 .bss.UART1_rxBuffer
                0x0000000020000568        0x1 ./Core/Src/main.o
                0x0000000020000568                UART1_rxBuffer
 *fill*         0x0000000020000569        0x3 
 .bss.UART1_rxMessageBuffer
                0x000000002000056c       0x11 ./Core/Src/main.o
                0x000000002000056c                UART1_rxMessageBuffer
 *fill*         0x000000002000057d        0x1 
 .bss.userBalance
                0x000000002000057e        0x2 ./Core/Src/main.o
                0x000000002000057e                userBalance
 .bss.userTime  0x0000000020000580        0x2 ./Core/Src/main.o
                0x0000000020000580                userTime
 .bss.cardPassed
                0x0000000020000582        0x1 ./Core/Src/main.o
                0x0000000020000582                cardPassed
 .bss.relayStates
                0x0000000020000583        0x1 ./Core/Src/main.o
                0x0000000020000583                relayStates
 .bss.lastPressedButton
                0x0000000020000584        0x1 ./Core/Src/main.o
                0x0000000020000584                lastPressedButton
 .bss.pressCount
                0x0000000020000585        0x1 ./Core/Src/main.o
                0x0000000020000585                pressCount
 .bss.status    0x0000000020000586        0x1 ./Core/Src/main.o
                0x0000000020000586                status
 *fill*         0x0000000020000587        0x1 
 .bss.sn        0x0000000020000588        0x4 ./Core/Src/main.o
                0x0000000020000588                sn
 .bss.str       0x000000002000058c       0x10 ./Core/Src/main.o
                0x000000002000058c                str
 .bss.cardPresented
                0x000000002000059c        0x4 ./Core/Src/main.o
                0x000000002000059c                cardPresented
 .bss.buffer    0x00000000200005a0       0x50 ./Core/Src/max_matrix_stm32.o
                0x00000000200005a0                buffer
 .bss.buffer_row
                0x00000000200005f0       0x50 ./Core/Src/max_matrix_stm32.o
                0x00000000200005f0                buffer_row
 .bss.__sbrk_heap_end
                0x0000000020000640        0x4 ./Core/Src/sysmem.o
 .bss.uwTick    0x0000000020000644        0x4 ./Drivers/STM32F4xx_HAL_Driver/Src/stm32f4xx_hal.o
                0x0000000020000644                uwTick
 .bss.__malloc_free_list
                0x0000000020000648        0x4 d:/program files/st/stm32cubeide_1.10.1/stm32cubeide/plugins/com.st.stm32cube.ide.mcu.externaltools.gnu-tools-for-stm32.10.3-2021.10.win32_1.0.0.202111181127/tools/bin/../lib/gcc/arm-none-eabi/10.3.1/../../../../arm-none-eabi/lib/thumb/v7e-m+fp/hard\libc_nano.a(lib_a-nano-mallocr.o)
                0x0000000020000648                __malloc_free_list
 .bss.__malloc_sbrk_start
                0x000000002000064c        0x4 d:/program files/st/stm32cubeide_1.10.1/stm32cubeide/plugins/com.st.stm32cube.ide.mcu.externaltools.gnu-tools-for-stm32.10.3-2021.10.win32_1.0.0.202111181127/tools/bin/../lib/gcc/arm-none-eabi/10.3.1/../../../../arm-none-eabi/lib/thumb/v7e-m+fp/hard\libc_nano.a(lib_a-nano-mallocr.o)
                0x000000002000064c                __malloc_sbrk_start
 .bss.errno     0x0000000020000650        0x4 d:/program files/st/stm32cubeide_1.10.1/stm32cubeide/plugins/com.st.stm32cube.ide.mcu.externaltools.gnu-tools-for-stm32.10.3-2021.10.win32_1.0.0.202111181127/tools/bin/../lib/gcc/arm-none-eabi/10.3.1/../../../../arm-none-eabi/lib/thumb/v7e-m+fp/hard\libc_nano.a(lib_a-reent.o)
                0x0000000020000650                errno
 .bss.__lock___malloc_recursive_mutex
                0x0000000020000654        0x1 d:/program files/st/stm32cubeide_1.10.1/stm32cubeide/plugins/com.st.stm32cube.ide.mcu.externaltools.gnu-tools-for-stm32.10.3-2021.10.win32_1.0.0.202111181127/tools/bin/../lib/gcc/arm-none-eabi/10.3.1/../../../../arm-none-eabi/lib/thumb/v7e-m+fp/hard\libc_nano.a(lib_a-lock.o)
                0x0000000020000654                __lock___malloc_recursive_mutex
 *(COMMON)
                0x0000000020000658                . = ALIGN (0x4)
 *fill*         0x0000000020000655        0x3 
                0x0000000020000658                _ebss = .
                0x0000000020000658                __bss_end__ = _ebss

._user_heap_stack
                0x0000000020000658      0x600
                0x0000000020000658                . = ALIGN (0x8)
                [!provide]                        PROVIDE (end = .)
                0x0000000020000658                PROVIDE (_end = .)
                0x0000000020000858                . = (. + _Min_Heap_Size)
 *fill*         0x0000000020000658      0x200 
                0x0000000020000c58                . = (. + _Min_Stack_Size)
 *fill*         0x0000000020000858      0x400 
                0x0000000020000c58                . = ALIGN (0x8)

/DISCARD/
 libc.a(*)
 libm.a(*)
 libgcc.a(*)

.ARM.attributes
                0x0000000000000000       0x30
 *(.ARM.attributes)
 .ARM.attributes
                0x0000000000000000       0x1e d:/program files/st/stm32cubeide_1.10.1/stm32cubeide/plugins/com.st.stm32cube.ide.mcu.externaltools.gnu-tools-for-stm32.10.3-2021.10.win32_1.0.0.202111181127/tools/bin/../lib/gcc/arm-none-eabi/10.3.1/thumb/v7e-m+fp/hard/crti.o
 .ARM.attributes
                0x000000000000001e       0x34 d:/program files/st/stm32cubeide_1.10.1/stm32cubeide/plugins/com.st.stm32cube.ide.mcu.externaltools.gnu-tools-for-stm32.10.3-2021.10.win32_1.0.0.202111181127/tools/bin/../lib/gcc/arm-none-eabi/10.3.1/thumb/v7e-m+fp/hard/crtbegin.o
 .ARM.attributes
                0x0000000000000052       0x34 ./Core/Src/main.o
 .ARM.attributes
                0x0000000000000086       0x34 ./Core/Src/max_matrix_stm32.o
 .ARM.attributes
                0x00000000000000ba       0x34 ./Core/Src/rc522.o
 .ARM.attributes
                0x00000000000000ee       0x34 ./Core/Src/stm32f4xx_hal_msp.o
 .ARM.attributes
                0x0000000000000122       0x34 ./Core/Src/stm32f4xx_it.o
 .ARM.attributes
                0x0000000000000156       0x34 ./Core/Src/sysmem.o
 .ARM.attributes
                0x000000000000018a       0x34 ./Core/Src/system_stm32f4xx.o
 .ARM.attributes
                0x00000000000001be       0x21 ./Core/Startup/startup_stm32f407vetx.o
 .ARM.attributes
                0x00000000000001df       0x34 ./Drivers/STM32F4xx_HAL_Driver/Src/stm32f4xx_hal.o
 .ARM.attributes
                0x0000000000000213       0x34 ./Drivers/STM32F4xx_HAL_Driver/Src/stm32f4xx_hal_cortex.o
 .ARM.attributes
                0x0000000000000247       0x34 ./Drivers/STM32F4xx_HAL_Driver/Src/stm32f4xx_hal_dma.o
 .ARM.attributes
                0x000000000000027b       0x34 ./Drivers/STM32F4xx_HAL_Driver/Src/stm32f4xx_hal_gpio.o
 .ARM.attributes
                0x00000000000002af       0x34 ./Drivers/STM32F4xx_HAL_Driver/Src/stm32f4xx_hal_rcc.o
 .ARM.attributes
                0x00000000000002e3       0x34 ./Drivers/STM32F4xx_HAL_Driver/Src/stm32f4xx_hal_spi.o
 .ARM.attributes
                0x0000000000000317       0x34 ./Drivers/STM32F4xx_HAL_Driver/Src/stm32f4xx_hal_tim.o
 .ARM.attributes
                0x000000000000034b       0x34 ./Drivers/STM32F4xx_HAL_Driver/Src/stm32f4xx_hal_tim_ex.o
 .ARM.attributes
                0x000000000000037f       0x34 ./Drivers/STM32F4xx_HAL_Driver/Src/stm32f4xx_hal_uart.o
 .ARM.attributes
                0x00000000000003b3       0x34 d:/program files/st/stm32cubeide_1.10.1/stm32cubeide/plugins/com.st.stm32cube.ide.mcu.externaltools.gnu-tools-for-stm32.10.3-2021.10.win32_1.0.0.202111181127/tools/bin/../lib/gcc/arm-none-eabi/10.3.1/../../../../arm-none-eabi/lib/thumb/v7e-m+fp/hard\libc_nano.a(lib_a-errno.o)
 .ARM.attributes
                0x00000000000003e7       0x34 d:/program files/st/stm32cubeide_1.10.1/stm32cubeide/plugins/com.st.stm32cube.ide.mcu.externaltools.gnu-tools-for-stm32.10.3-2021.10.win32_1.0.0.202111181127/tools/bin/../lib/gcc/arm-none-eabi/10.3.1/../../../../arm-none-eabi/lib/thumb/v7e-m+fp/hard\libc_nano.a(lib_a-impure.o)
 .ARM.attributes
                0x000000000000041b       0x34 d:/program files/st/stm32cubeide_1.10.1/stm32cubeide/plugins/com.st.stm32cube.ide.mcu.externaltools.gnu-tools-for-stm32.10.3-2021.10.win32_1.0.0.202111181127/tools/bin/../lib/gcc/arm-none-eabi/10.3.1/../../../../arm-none-eabi/lib/thumb/v7e-m+fp/hard\libc_nano.a(lib_a-init.o)
 .ARM.attributes
                0x000000000000044f       0x34 d:/program files/st/stm32cubeide_1.10.1/stm32cubeide/plugins/com.st.stm32cube.ide.mcu.externaltools.gnu-tools-for-stm32.10.3-2021.10.win32_1.0.0.202111181127/tools/bin/../lib/gcc/arm-none-eabi/10.3.1/../../../../arm-none-eabi/lib/thumb/v7e-m+fp/hard\libc_nano.a(lib_a-malloc.o)
 .ARM.attributes
                0x0000000000000483       0x34 d:/program files/st/stm32cubeide_1.10.1/stm32cubeide/plugins/com.st.stm32cube.ide.mcu.externaltools.gnu-tools-for-stm32.10.3-2021.10.win32_1.0.0.202111181127/tools/bin/../lib/gcc/arm-none-eabi/10.3.1/../../../../arm-none-eabi/lib/thumb/v7e-m+fp/hard\libc_nano.a(lib_a-memcpy-stub.o)
 .ARM.attributes
                0x00000000000004b7       0x34 d:/program files/st/stm32cubeide_1.10.1/stm32cubeide/plugins/com.st.stm32cube.ide.mcu.externaltools.gnu-tools-for-stm32.10.3-2021.10.win32_1.0.0.202111181127/tools/bin/../lib/gcc/arm-none-eabi/10.3.1/../../../../arm-none-eabi/lib/thumb/v7e-m+fp/hard\libc_nano.a(lib_a-memset.o)
 .ARM.attributes
                0x00000000000004eb       0x34 d:/program files/st/stm32cubeide_1.10.1/stm32cubeide/plugins/com.st.stm32cube.ide.mcu.externaltools.gnu-tools-for-stm32.10.3-2021.10.win32_1.0.0.202111181127/tools/bin/../lib/gcc/arm-none-eabi/10.3.1/../../../../arm-none-eabi/lib/thumb/v7e-m+fp/hard\libc_nano.a(lib_a-nano-freer.o)
 .ARM.attributes
                0x000000000000051f       0x34 d:/program files/st/stm32cubeide_1.10.1/stm32cubeide/plugins/com.st.stm32cube.ide.mcu.externaltools.gnu-tools-for-stm32.10.3-2021.10.win32_1.0.0.202111181127/tools/bin/../lib/gcc/arm-none-eabi/10.3.1/../../../../arm-none-eabi/lib/thumb/v7e-m+fp/hard\libc_nano.a(lib_a-nano-mallocr.o)
 .ARM.attributes
                0x0000000000000553       0x34 d:/program files/st/stm32cubeide_1.10.1/stm32cubeide/plugins/com.st.stm32cube.ide.mcu.externaltools.gnu-tools-for-stm32.10.3-2021.10.win32_1.0.0.202111181127/tools/bin/../lib/gcc/arm-none-eabi/10.3.1/../../../../arm-none-eabi/lib/thumb/v7e-m+fp/hard\libc_nano.a(lib_a-sbrkr.o)
 .ARM.attributes
                0x0000000000000587       0x34 d:/program files/st/stm32cubeide_1.10.1/stm32cubeide/plugins/com.st.stm32cube.ide.mcu.externaltools.gnu-tools-for-stm32.10.3-2021.10.win32_1.0.0.202111181127/tools/bin/../lib/gcc/arm-none-eabi/10.3.1/../../../../arm-none-eabi/lib/thumb/v7e-m+fp/hard\libc_nano.a(lib_a-snprintf.o)
 .ARM.attributes
                0x00000000000005bb       0x34 d:/program files/st/stm32cubeide_1.10.1/stm32cubeide/plugins/com.st.stm32cube.ide.mcu.externaltools.gnu-tools-for-stm32.10.3-2021.10.win32_1.0.0.202111181127/tools/bin/../lib/gcc/arm-none-eabi/10.3.1/../../../../arm-none-eabi/lib/thumb/v7e-m+fp/hard\libc_nano.a(lib_a-sprintf.o)
 .ARM.attributes
                0x00000000000005ef       0x34 d:/program files/st/stm32cubeide_1.10.1/stm32cubeide/plugins/com.st.stm32cube.ide.mcu.externaltools.gnu-tools-for-stm32.10.3-2021.10.win32_1.0.0.202111181127/tools/bin/../lib/gcc/arm-none-eabi/10.3.1/../../../../arm-none-eabi/lib/thumb/v7e-m+fp/hard\libc_nano.a(lib_a-strcat.o)
 .ARM.attributes
                0x0000000000000623       0x1c d:/program files/st/stm32cubeide_1.10.1/stm32cubeide/plugins/com.st.stm32cube.ide.mcu.externaltools.gnu-tools-for-stm32.10.3-2021.10.win32_1.0.0.202111181127/tools/bin/../lib/gcc/arm-none-eabi/10.3.1/../../../../arm-none-eabi/lib/thumb/v7e-m+fp/hard\libc_nano.a(lib_a-strcmp.o)
 .ARM.attributes
                0x000000000000063f       0x34 d:/program files/st/stm32cubeide_1.10.1/stm32cubeide/plugins/com.st.stm32cube.ide.mcu.externaltools.gnu-tools-for-stm32.10.3-2021.10.win32_1.0.0.202111181127/tools/bin/../lib/gcc/arm-none-eabi/10.3.1/../../../../arm-none-eabi/lib/thumb/v7e-m+fp/hard\libc_nano.a(lib_a-strcpy.o)
 .ARM.attributes
                0x0000000000000673       0x17 d:/program files/st/stm32cubeide_1.10.1/stm32cubeide/plugins/com.st.stm32cube.ide.mcu.externaltools.gnu-tools-for-stm32.10.3-2021.10.win32_1.0.0.202111181127/tools/bin/../lib/gcc/arm-none-eabi/10.3.1/../../../../arm-none-eabi/lib/thumb/v7e-m+fp/hard\libc_nano.a(lib_a-strlen.o)
 .ARM.attributes
                0x000000000000068a       0x34 d:/program files/st/stm32cubeide_1.10.1/stm32cubeide/plugins/com.st.stm32cube.ide.mcu.externaltools.gnu-tools-for-stm32.10.3-2021.10.win32_1.0.0.202111181127/tools/bin/../lib/gcc/arm-none-eabi/10.3.1/../../../../arm-none-eabi/lib/thumb/v7e-m+fp/hard\libc_nano.a(lib_a-strtol.o)
 .ARM.attributes
                0x00000000000006be       0x34 d:/program files/st/stm32cubeide_1.10.1/stm32cubeide/plugins/com.st.stm32cube.ide.mcu.externaltools.gnu-tools-for-stm32.10.3-2021.10.win32_1.0.0.202111181127/tools/bin/../lib/gcc/arm-none-eabi/10.3.1/../../../../arm-none-eabi/lib/thumb/v7e-m+fp/hard\libc_nano.a(lib_a-ctype_.o)
 .ARM.attributes
                0x00000000000006f2       0x34 d:/program files/st/stm32cubeide_1.10.1/stm32cubeide/plugins/com.st.stm32cube.ide.mcu.externaltools.gnu-tools-for-stm32.10.3-2021.10.win32_1.0.0.202111181127/tools/bin/../lib/gcc/arm-none-eabi/10.3.1/../../../../arm-none-eabi/lib/thumb/v7e-m+fp/hard\libc_nano.a(lib_a-mlock.o)
 .ARM.attributes
                0x0000000000000726       0x34 d:/program files/st/stm32cubeide_1.10.1/stm32cubeide/plugins/com.st.stm32cube.ide.mcu.externaltools.gnu-tools-for-stm32.10.3-2021.10.win32_1.0.0.202111181127/tools/bin/../lib/gcc/arm-none-eabi/10.3.1/../../../../arm-none-eabi/lib/thumb/v7e-m+fp/hard\libc_nano.a(lib_a-nano-svfprintf.o)
 .ARM.attributes
                0x000000000000075a       0x34 d:/program files/st/stm32cubeide_1.10.1/stm32cubeide/plugins/com.st.stm32cube.ide.mcu.externaltools.gnu-tools-for-stm32.10.3-2021.10.win32_1.0.0.202111181127/tools/bin/../lib/gcc/arm-none-eabi/10.3.1/../../../../arm-none-eabi/lib/thumb/v7e-m+fp/hard\libc_nano.a(lib_a-nano-vfprintf_i.o)
 .ARM.attributes
                0x000000000000078e       0x34 d:/program files/st/stm32cubeide_1.10.1/stm32cubeide/plugins/com.st.stm32cube.ide.mcu.externaltools.gnu-tools-for-stm32.10.3-2021.10.win32_1.0.0.202111181127/tools/bin/../lib/gcc/arm-none-eabi/10.3.1/../../../../arm-none-eabi/lib/thumb/v7e-m+fp/hard\libc_nano.a(lib_a-reent.o)
 .ARM.attributes
                0x00000000000007c2       0x34 d:/program files/st/stm32cubeide_1.10.1/stm32cubeide/plugins/com.st.stm32cube.ide.mcu.externaltools.gnu-tools-for-stm32.10.3-2021.10.win32_1.0.0.202111181127/tools/bin/../lib/gcc/arm-none-eabi/10.3.1/../../../../arm-none-eabi/lib/thumb/v7e-m+fp/hard\libc_nano.a(lib_a-lock.o)
 .ARM.attributes
                0x00000000000007f6       0x1c d:/program files/st/stm32cubeide_1.10.1/stm32cubeide/plugins/com.st.stm32cube.ide.mcu.externaltools.gnu-tools-for-stm32.10.3-2021.10.win32_1.0.0.202111181127/tools/bin/../lib/gcc/arm-none-eabi/10.3.1/../../../../arm-none-eabi/lib/thumb/v7e-m+fp/hard\libc_nano.a(lib_a-memchr.o)
 .ARM.attributes
                0x0000000000000812       0x34 d:/program files/st/stm32cubeide_1.10.1/stm32cubeide/plugins/com.st.stm32cube.ide.mcu.externaltools.gnu-tools-for-stm32.10.3-2021.10.win32_1.0.0.202111181127/tools/bin/../lib/gcc/arm-none-eabi/10.3.1/../../../../arm-none-eabi/lib/thumb/v7e-m+fp/hard\libc_nano.a(lib_a-memmove.o)
 .ARM.attributes
                0x0000000000000846       0x34 d:/program files/st/stm32cubeide_1.10.1/stm32cubeide/plugins/com.st.stm32cube.ide.mcu.externaltools.gnu-tools-for-stm32.10.3-2021.10.win32_1.0.0.202111181127/tools/bin/../lib/gcc/arm-none-eabi/10.3.1/../../../../arm-none-eabi/lib/thumb/v7e-m+fp/hard\libc_nano.a(lib_a-nano-reallocr.o)
 .ARM.attributes
                0x000000000000087a       0x34 d:/program files/st/stm32cubeide_1.10.1/stm32cubeide/plugins/com.st.stm32cube.ide.mcu.externaltools.gnu-tools-for-stm32.10.3-2021.10.win32_1.0.0.202111181127/tools/bin/../lib/gcc/arm-none-eabi/10.3.1/../../../../arm-none-eabi/lib/thumb/v7e-m+fp/hard\libc_nano.a(lib_a-nano-msizer.o)
 .ARM.attributes
                0x00000000000008ae       0x1e d:/program files/st/stm32cubeide_1.10.1/stm32cubeide/plugins/com.st.stm32cube.ide.mcu.externaltools.gnu-tools-for-stm32.10.3-2021.10.win32_1.0.0.202111181127/tools/bin/../lib/gcc/arm-none-eabi/10.3.1/thumb/v7e-m+fp/hard\libgcc.a(_aeabi_uldivmod.o)
 .ARM.attributes
                0x00000000000008cc       0x34 d:/program files/st/stm32cubeide_1.10.1/stm32cubeide/plugins/com.st.stm32cube.ide.mcu.externaltools.gnu-tools-for-stm32.10.3-2021.10.win32_1.0.0.202111181127/tools/bin/../lib/gcc/arm-none-eabi/10.3.1/thumb/v7e-m+fp/hard\libgcc.a(_udivmoddi4.o)
 .ARM.attributes
                0x0000000000000900       0x1e d:/program files/st/stm32cubeide_1.10.1/stm32cubeide/plugins/com.st.stm32cube.ide.mcu.externaltools.gnu-tools-for-stm32.10.3-2021.10.win32_1.0.0.202111181127/tools/bin/../lib/gcc/arm-none-eabi/10.3.1/thumb/v7e-m+fp/hard\libgcc.a(_dvmd_tls.o)
 .ARM.attributes
                0x000000000000091e       0x1e d:/program files/st/stm32cubeide_1.10.1/stm32cubeide/plugins/com.st.stm32cube.ide.mcu.externaltools.gnu-tools-for-stm32.10.3-2021.10.win32_1.0.0.202111181127/tools/bin/../lib/gcc/arm-none-eabi/10.3.1/thumb/v7e-m+fp/hard/crtn.o
OUTPUT(RSTEST.elf elf32-littlearm)
LOAD linker stubs
LOAD d:/program files/st/stm32cubeide_1.10.1/stm32cubeide/plugins/com.st.stm32cube.ide.mcu.externaltools.gnu-tools-for-stm32.10.3-2021.10.win32_1.0.0.202111181127/tools/bin/../lib/gcc/arm-none-eabi/10.3.1/../../../../arm-none-eabi/lib/thumb/v7e-m+fp/hard\libc.a
LOAD d:/program files/st/stm32cubeide_1.10.1/stm32cubeide/plugins/com.st.stm32cube.ide.mcu.externaltools.gnu-tools-for-stm32.10.3-2021.10.win32_1.0.0.202111181127/tools/bin/../lib/gcc/arm-none-eabi/10.3.1/../../../../arm-none-eabi/lib/thumb/v7e-m+fp/hard\libm.a
LOAD d:/program files/st/stm32cubeide_1.10.1/stm32cubeide/plugins/com.st.stm32cube.ide.mcu.externaltools.gnu-tools-for-stm32.10.3-2021.10.win32_1.0.0.202111181127/tools/bin/../lib/gcc/arm-none-eabi/10.3.1/thumb/v7e-m+fp/hard\libgcc.a

.debug_info     0x0000000000000000    0x11156
 .debug_info    0x0000000000000000     0x1c66 ./Core/Src/main.o
 .debug_info    0x0000000000001c66      0x72a ./Core/Src/max_matrix_stm32.o
 .debug_info    0x0000000000002390      0xdcd ./Core/Src/rc522.o
 .debug_info    0x000000000000315d     0x12c5 ./Core/Src/stm32f4xx_hal_msp.o
 .debug_info    0x0000000000004422      0xa16 ./Core/Src/stm32f4xx_it.o
 .debug_info    0x0000000000004e38      0x171 ./Core/Src/sysmem.o
 .debug_info    0x0000000000004fa9      0x523 ./Core/Src/system_stm32f4xx.o
 .debug_info    0x00000000000054cc       0x22 ./Core/Startup/startup_stm32f407vetx.o
 .debug_info    0x00000000000054ee      0x97c ./Drivers/STM32F4xx_HAL_Driver/Src/stm32f4xx_hal.o
 .debug_info    0x0000000000005e6a      0xe1b ./Drivers/STM32F4xx_HAL_Driver/Src/stm32f4xx_hal_cortex.o
 .debug_info    0x0000000000006c85      0x94f ./Drivers/STM32F4xx_HAL_Driver/Src/stm32f4xx_hal_dma.o
 .debug_info    0x00000000000075d4      0x76a ./Drivers/STM32F4xx_HAL_Driver/Src/stm32f4xx_hal_gpio.o
 .debug_info    0x0000000000007d3e      0x966 ./Drivers/STM32F4xx_HAL_Driver/Src/stm32f4xx_hal_rcc.o
 .debug_info    0x00000000000086a4     0x1758 ./Drivers/STM32F4xx_HAL_Driver/Src/stm32f4xx_hal_spi.o
 .debug_info    0x0000000000009dfc     0x2bbe ./Drivers/STM32F4xx_HAL_Driver/Src/stm32f4xx_hal_tim.o
 .debug_info    0x000000000000c9ba     0x15e0 ./Drivers/STM32F4xx_HAL_Driver/Src/stm32f4xx_hal_tim_ex.o
 .debug_info    0x000000000000df9a     0x31bc ./Drivers/STM32F4xx_HAL_Driver/Src/stm32f4xx_hal_uart.o

.debug_abbrev   0x0000000000000000     0x2327
 .debug_abbrev  0x0000000000000000      0x399 ./Core/Src/main.o
 .debug_abbrev  0x0000000000000399      0x1f3 ./Core/Src/max_matrix_stm32.o
 .debug_abbrev  0x000000000000058c      0x23c ./Core/Src/rc522.o
 .debug_abbrev  0x00000000000007c8      0x1cc ./Core/Src/stm32f4xx_hal_msp.o
 .debug_abbrev  0x0000000000000994      0x1a0 ./Core/Src/stm32f4xx_it.o
 .debug_abbrev  0x0000000000000b34       0xbb ./Core/Src/sysmem.o
 .debug_abbrev  0x0000000000000bef      0x116 ./Core/Src/system_stm32f4xx.o
 .debug_abbrev  0x0000000000000d05       0x12 ./Core/Startup/startup_stm32f407vetx.o
 .debug_abbrev  0x0000000000000d17      0x20d ./Drivers/STM32F4xx_HAL_Driver/Src/stm32f4xx_hal.o
 .debug_abbrev  0x0000000000000f24      0x316 ./Drivers/STM32F4xx_HAL_Driver/Src/stm32f4xx_hal_cortex.o
 .debug_abbrev  0x000000000000123a      0x25b ./Drivers/STM32F4xx_HAL_Driver/Src/stm32f4xx_hal_dma.o
 .debug_abbrev  0x0000000000001495      0x1c4 ./Drivers/STM32F4xx_HAL_Driver/Src/stm32f4xx_hal_gpio.o
 .debug_abbrev  0x0000000000001659      0x2aa ./Drivers/STM32F4xx_HAL_Driver/Src/stm32f4xx_hal_rcc.o
 .debug_abbrev  0x0000000000001903      0x26e ./Drivers/STM32F4xx_HAL_Driver/Src/stm32f4xx_hal_spi.o
 .debug_abbrev  0x0000000000001b71      0x25d ./Drivers/STM32F4xx_HAL_Driver/Src/stm32f4xx_hal_tim.o
 .debug_abbrev  0x0000000000001dce      0x265 ./Drivers/STM32F4xx_HAL_Driver/Src/stm32f4xx_hal_tim_ex.o
 .debug_abbrev  0x0000000000002033      0x2f4 ./Drivers/STM32F4xx_HAL_Driver/Src/stm32f4xx_hal_uart.o

.debug_aranges  0x0000000000000000      0xf88
 .debug_aranges
                0x0000000000000000       0x88 ./Core/Src/main.o
 .debug_aranges
                0x0000000000000088       0x78 ./Core/Src/max_matrix_stm32.o
 .debug_aranges
                0x0000000000000100       0xc8 ./Core/Src/rc522.o
 .debug_aranges
                0x00000000000001c8       0x50 ./Core/Src/stm32f4xx_hal_msp.o
 .debug_aranges
                0x0000000000000218       0x80 ./Core/Src/stm32f4xx_it.o
 .debug_aranges
                0x0000000000000298       0x20 ./Core/Src/sysmem.o
 .debug_aranges
                0x00000000000002b8       0x28 ./Core/Src/system_stm32f4xx.o
 .debug_aranges
                0x00000000000002e0       0x28 ./Core/Startup/startup_stm32f407vetx.o
 .debug_aranges
                0x0000000000000308       0xf0 ./Drivers/STM32F4xx_HAL_Driver/Src/stm32f4xx_hal.o
 .debug_aranges
                0x00000000000003f8      0x118 ./Drivers/STM32F4xx_HAL_Driver/Src/stm32f4xx_hal_cortex.o
 .debug_aranges
                0x0000000000000510       0x90 ./Drivers/STM32F4xx_HAL_Driver/Src/stm32f4xx_hal_dma.o
 .debug_aranges
                0x00000000000005a0       0x58 ./Drivers/STM32F4xx_HAL_Driver/Src/stm32f4xx_hal_gpio.o
 .debug_aranges
                0x00000000000005f8       0x88 ./Drivers/STM32F4xx_HAL_Driver/Src/stm32f4xx_hal_rcc.o
 .debug_aranges
                0x0000000000000680      0x1d0 ./Drivers/STM32F4xx_HAL_Driver/Src/stm32f4xx_hal_spi.o
 .debug_aranges
                0x0000000000000850      0x3d0 ./Drivers/STM32F4xx_HAL_Driver/Src/stm32f4xx_hal_tim.o
 .debug_aranges
                0x0000000000000c20      0x168 ./Drivers/STM32F4xx_HAL_Driver/Src/stm32f4xx_hal_tim_ex.o
 .debug_aranges
                0x0000000000000d88      0x200 ./Drivers/STM32F4xx_HAL_Driver/Src/stm32f4xx_hal_uart.o

.debug_ranges   0x0000000000000000      0xeb0
 .debug_ranges  0x0000000000000000       0x78 ./Core/Src/main.o
 .debug_ranges  0x0000000000000078       0x68 ./Core/Src/max_matrix_stm32.o
 .debug_ranges  0x00000000000000e0       0xb8 ./Core/Src/rc522.o
 .debug_ranges  0x0000000000000198       0x40 ./Core/Src/stm32f4xx_hal_msp.o
 .debug_ranges  0x00000000000001d8       0x70 ./Core/Src/stm32f4xx_it.o
 .debug_ranges  0x0000000000000248       0x10 ./Core/Src/sysmem.o
 .debug_ranges  0x0000000000000258       0x18 ./Core/Src/system_stm32f4xx.o
 .debug_ranges  0x0000000000000270       0x20 ./Core/Startup/startup_stm32f407vetx.o
 .debug_ranges  0x0000000000000290       0xe0 ./Drivers/STM32F4xx_HAL_Driver/Src/stm32f4xx_hal.o
 .debug_ranges  0x0000000000000370      0x108 ./Drivers/STM32F4xx_HAL_Driver/Src/stm32f4xx_hal_cortex.o
 .debug_ranges  0x0000000000000478       0x80 ./Drivers/STM32F4xx_HAL_Driver/Src/stm32f4xx_hal_dma.o
 .debug_ranges  0x00000000000004f8       0x48 ./Drivers/STM32F4xx_HAL_Driver/Src/stm32f4xx_hal_gpio.o
 .debug_ranges  0x0000000000000540       0x78 ./Drivers/STM32F4xx_HAL_Driver/Src/stm32f4xx_hal_rcc.o
 .debug_ranges  0x00000000000005b8      0x1c0 ./Drivers/STM32F4xx_HAL_Driver/Src/stm32f4xx_hal_spi.o
 .debug_ranges  0x0000000000000778      0x3c0 ./Drivers/STM32F4xx_HAL_Driver/Src/stm32f4xx_hal_tim.o
 .debug_ranges  0x0000000000000b38      0x158 ./Drivers/STM32F4xx_HAL_Driver/Src/stm32f4xx_hal_tim_ex.o
 .debug_ranges  0x0000000000000c90      0x220 ./Drivers/STM32F4xx_HAL_Driver/Src/stm32f4xx_hal_uart.o

.debug_macro    0x0000000000000000    0x21d4c
 .debug_macro   0x0000000000000000      0x3a7 ./Core/Src/main.o
 .debug_macro   0x00000000000003a7      0xa78 ./Core/Src/main.o
 .debug_macro   0x0000000000000e1f      0x2a1 ./Core/Src/main.o
 .debug_macro   0x00000000000010c0       0x2e ./Core/Src/main.o
 .debug_macro   0x00000000000010ee       0x2f ./Core/Src/main.o
 .debug_macro   0x000000000000111d       0x22 ./Core/Src/main.o
 .debug_macro   0x000000000000113f       0x8e ./Core/Src/main.o
 .debug_macro   0x00000000000011cd       0x51 ./Core/Src/main.o
 .debug_macro   0x000000000000121e      0x103 ./Core/Src/main.o
 .debug_macro   0x0000000000001321       0x6a ./Core/Src/main.o
 .debug_macro   0x000000000000138b      0x1df ./Core/Src/main.o
 .debug_macro   0x000000000000156a       0x1c ./Core/Src/main.o
 .debug_macro   0x0000000000001586       0x22 ./Core/Src/main.o
 .debug_macro   0x00000000000015a8       0xd9 ./Core/Src/main.o
 .debug_macro   0x0000000000001681     0x102d ./Core/Src/main.o
 .debug_macro   0x00000000000026ae      0x11f ./Core/Src/main.o
 .debug_macro   0x00000000000027cd    0x15e82 ./Core/Src/main.o
 .debug_macro   0x000000000001864f       0x6d ./Core/Src/main.o
 .debug_macro   0x00000000000186bc     0x367e ./Core/Src/main.o
 .debug_macro   0x000000000001bd3a      0x174 ./Core/Src/main.o
 .debug_macro   0x000000000001beae       0x5c ./Core/Src/main.o
 .debug_macro   0x000000000001bf0a      0x96b ./Core/Src/main.o
 .debug_macro   0x000000000001c875      0x9fe ./Core/Src/main.o
 .debug_macro   0x000000000001d273      0x115 ./Core/Src/main.o
 .debug_macro   0x000000000001d388      0x13e ./Core/Src/main.o
 .debug_macro   0x000000000001d4c6       0xa5 ./Core/Src/main.o
 .debug_macro   0x000000000001d56b      0x174 ./Core/Src/main.o
 .debug_macro   0x000000000001d6df      0x287 ./Core/Src/main.o
 .debug_macro   0x000000000001d966       0x5f ./Core/Src/main.o
 .debug_macro   0x000000000001d9c5      0x236 ./Core/Src/main.o
 .debug_macro   0x000000000001dbfb      0x12c ./Core/Src/main.o
 .debug_macro   0x000000000001dd27      0x21e ./Core/Src/main.o
 .debug_macro   0x000000000001df45       0x2e ./Core/Src/main.o
 .debug_macro   0x000000000001df73      0x11a ./Core/Src/main.o
 .debug_macro   0x000000000001e08d       0x7e ./Core/Src/main.o
 .debug_macro   0x000000000001e10b       0x89 ./Core/Src/main.o
 .debug_macro   0x000000000001e194      0x225 ./Core/Src/main.o
 .debug_macro   0x000000000001e3b9      0x8e6 ./Core/Src/main.o
 .debug_macro   0x000000000001ec9f       0x47 ./Core/Src/main.o
 .debug_macro   0x000000000001ece6      0x295 ./Core/Src/main.o
 .debug_macro   0x000000000001ef7b      0x12d ./Core/Src/main.o
 .debug_macro   0x000000000001f0a8      0x130 ./Core/Src/main.o
 .debug_macro   0x000000000001f1d8       0x22 ./Core/Src/main.o
 .debug_macro   0x000000000001f1fa       0x46 ./Core/Src/main.o
 .debug_macro   0x000000000001f240      0x226 ./Core/Src/main.o
 .debug_macro   0x000000000001f466       0x52 ./Core/Src/main.o
 .debug_macro   0x000000000001f4b8       0x1e ./Core/Src/main.o
 .debug_macro   0x000000000001f4d6       0x3c ./Core/Src/main.o
 .debug_macro   0x000000000001f512       0x34 ./Core/Src/main.o
 .debug_macro   0x000000000001f546       0x16 ./Core/Src/main.o
 .debug_macro   0x000000000001f55c       0x35 ./Core/Src/main.o
 .debug_macro   0x000000000001f591      0x341 ./Core/Src/main.o
 .debug_macro   0x000000000001f8d2       0x10 ./Core/Src/main.o
 .debug_macro   0x000000000001f8e2       0x16 ./Core/Src/main.o
 .debug_macro   0x000000000001f8f8       0x43 ./Core/Src/main.o
 .debug_macro   0x000000000001f93b       0x34 ./Core/Src/main.o
 .debug_macro   0x000000000001f96f       0x10 ./Core/Src/main.o
 .debug_macro   0x000000000001f97f       0x58 ./Core/Src/main.o
 .debug_macro   0x000000000001f9d7       0x71 ./Core/Src/main.o
 .debug_macro   0x000000000001fa48       0x1c ./Core/Src/main.o
 .debug_macro   0x000000000001fa64      0x12a ./Core/Src/main.o
 .debug_macro   0x000000000001fb8e       0x10 ./Core/Src/main.o
 .debug_macro   0x000000000001fb9e       0x1c ./Core/Src/main.o
 .debug_macro   0x000000000001fbba       0x52 ./Core/Src/main.o
 .debug_macro   0x000000000001fc0c       0x22 ./Core/Src/main.o
 .debug_macro   0x000000000001fc2e       0x10 ./Core/Src/main.o
 .debug_macro   0x000000000001fc3e       0x52 ./Core/Src/main.o
 .debug_macro   0x000000000001fc90       0xd5 ./Core/Src/main.o
 .debug_macro   0x000000000001fd65       0x1c ./Core/Src/main.o
 .debug_macro   0x000000000001fd81       0x3d ./Core/Src/main.o
 .debug_macro   0x000000000001fdbe       0x16 ./Core/Src/main.o
 .debug_macro   0x000000000001fdd4      0x145 ./Core/Src/main.o
 .debug_macro   0x000000000001ff19       0x16 ./Core/Src/main.o
 .debug_macro   0x000000000001ff2f       0x20 ./Core/Src/main.o
 .debug_macro   0x000000000001ff4f      0x1f9 ./Core/Src/max_matrix_stm32.o
 .debug_macro   0x0000000000020148      0x1e1 ./Core/Src/rc522.o
 .debug_macro   0x0000000000020329      0x1e7 ./Core/Src/stm32f4xx_hal_msp.o
 .debug_macro   0x0000000000020510      0x1f1 ./Core/Src/stm32f4xx_it.o
 .debug_macro   0x0000000000020701       0xff ./Core/Src/sysmem.o
 .debug_macro   0x0000000000020800      0x23b ./Core/Src/sysmem.o
 .debug_macro   0x0000000000020a3b      0x1d8 ./Core/Src/system_stm32f4xx.o
 .debug_macro   0x0000000000020c13      0x238 ./Drivers/STM32F4xx_HAL_Driver/Src/stm32f4xx_hal.o
 .debug_macro   0x0000000000020e4b      0x1d8 ./Drivers/STM32F4xx_HAL_Driver/Src/stm32f4xx_hal_cortex.o
 .debug_macro   0x0000000000021023      0x1de ./Drivers/STM32F4xx_HAL_Driver/Src/stm32f4xx_hal_dma.o
 .debug_macro   0x0000000000021201      0x1de ./Drivers/STM32F4xx_HAL_Driver/Src/stm32f4xx_hal_gpio.o
 .debug_macro   0x00000000000213df      0x1fc ./Drivers/STM32F4xx_HAL_Driver/Src/stm32f4xx_hal_rcc.o
 .debug_macro   0x00000000000215db      0x1e7 ./Drivers/STM32F4xx_HAL_Driver/Src/stm32f4xx_hal_spi.o
 .debug_macro   0x00000000000217c2      0x1d9 ./Drivers/STM32F4xx_HAL_Driver/Src/stm32f4xx_hal_tim.o
 .debug_macro   0x000000000002199b      0x1d8 ./Drivers/STM32F4xx_HAL_Driver/Src/stm32f4xx_hal_tim_ex.o
 .debug_macro   0x0000000000021b73      0x1d9 ./Drivers/STM32F4xx_HAL_Driver/Src/stm32f4xx_hal_uart.o

.debug_line     0x0000000000000000    0x11bcb
 .debug_line    0x0000000000000000      0xf67 ./Core/Src/main.o
 .debug_line    0x0000000000000f67      0xb67 ./Core/Src/max_matrix_stm32.o
 .debug_line    0x0000000000001ace      0xced ./Core/Src/rc522.o
 .debug_line    0x00000000000027bb      0x7f4 ./Core/Src/stm32f4xx_hal_msp.o
 .debug_line    0x0000000000002faf      0x833 ./Core/Src/stm32f4xx_it.o
 .debug_line    0x00000000000037e2      0x530 ./Core/Src/sysmem.o
 .debug_line    0x0000000000003d12      0x78c ./Core/Src/system_stm32f4xx.o
 .debug_line    0x000000000000449e       0x88 ./Core/Startup/startup_stm32f407vetx.o
 .debug_line    0x0000000000004526      0x9f2 ./Drivers/STM32F4xx_HAL_Driver/Src/stm32f4xx_hal.o
 .debug_line    0x0000000000004f18      0xca1 ./Drivers/STM32F4xx_HAL_Driver/Src/stm32f4xx_hal_cortex.o
 .debug_line    0x0000000000005bb9      0xf56 ./Drivers/STM32F4xx_HAL_Driver/Src/stm32f4xx_hal_dma.o
 .debug_line    0x0000000000006b0f      0xb66 ./Drivers/STM32F4xx_HAL_Driver/Src/stm32f4xx_hal_gpio.o
 .debug_line    0x0000000000007675      0xd6e ./Drivers/STM32F4xx_HAL_Driver/Src/stm32f4xx_hal_rcc.o
 .debug_line    0x00000000000083e3     0x1c7c ./Drivers/STM32F4xx_HAL_Driver/Src/stm32f4xx_hal_spi.o
 .debug_line    0x000000000000a05f     0x36e6 ./Drivers/STM32F4xx_HAL_Driver/Src/stm32f4xx_hal_tim.o
 .debug_line    0x000000000000d745     0x19ef ./Drivers/STM32F4xx_HAL_Driver/Src/stm32f4xx_hal_tim_ex.o
 .debug_line    0x000000000000f134     0x2a97 ./Drivers/STM32F4xx_HAL_Driver/Src/stm32f4xx_hal_uart.o

.debug_str      0x0000000000000000    0xce21d
 .debug_str     0x0000000000000000    0xcaa7e ./Core/Src/main.o
                                      0xcae47 (size before relaxing)
 .debug_str     0x00000000000caa7e       0xcd ./Core/Src/max_matrix_stm32.o
                                      0xc53ad (size before relaxing)
 .debug_str     0x00000000000cab4b      0x23e ./Core/Src/rc522.o
                                      0xc5c00 (size before relaxing)
 .debug_str     0x00000000000cad89       0xd1 ./Core/Src/stm32f4xx_hal_msp.o
                                      0xc6099 (size before relaxing)
 .debug_str     0x00000000000cae5a      0x153 ./Core/Src/stm32f4xx_it.o
                                      0xc58ff (size before relaxing)
 .debug_str     0x00000000000cafad      0x4da ./Core/Src/sysmem.o
                                       0x5d99 (size before relaxing)
 .debug_str     0x00000000000cb487       0xdb ./Core/Src/system_stm32f4xx.o
                                      0xc4d46 (size before relaxing)
 .debug_str     0x00000000000cb562       0x36 ./Core/Startup/startup_stm32f407vetx.o
                                         0x5b (size before relaxing)
 .debug_str     0x00000000000cb598      0x603 ./Drivers/STM32F4xx_HAL_Driver/Src/stm32f4xx_hal.o
                                      0xc58ca (size before relaxing)
 .debug_str     0x00000000000cbb9b      0x326 ./Drivers/STM32F4xx_HAL_Driver/Src/stm32f4xx_hal_cortex.o
                                      0xc55fd (size before relaxing)
 .debug_str     0x00000000000cbec1      0x315 ./Drivers/STM32F4xx_HAL_Driver/Src/stm32f4xx_hal_dma.o
                                      0xc5160 (size before relaxing)
 .debug_str     0x00000000000cc1d6       0xd0 ./Drivers/STM32F4xx_HAL_Driver/Src/stm32f4xx_hal_gpio.o
                                      0xc4ec1 (size before relaxing)
 .debug_str     0x00000000000cc2a6      0x233 ./Drivers/STM32F4xx_HAL_Driver/Src/stm32f4xx_hal_rcc.o
                                      0xc517a (size before relaxing)
 .debug_str     0x00000000000cc4d9      0x555 ./Drivers/STM32F4xx_HAL_Driver/Src/stm32f4xx_hal_spi.o
                                      0xc560a (size before relaxing)
 .debug_str     0x00000000000cca2e      0xdd6 ./Drivers/STM32F4xx_HAL_Driver/Src/stm32f4xx_hal_tim.o
                                      0xc60c0 (size before relaxing)
 .debug_str     0x00000000000cd804      0x493 ./Drivers/STM32F4xx_HAL_Driver/Src/stm32f4xx_hal_tim_ex.o
                                      0xc58dc (size before relaxing)
 .debug_str     0x00000000000cdc97      0x586 ./Drivers/STM32F4xx_HAL_Driver/Src/stm32f4xx_hal_uart.o
                                      0xc5719 (size before relaxing)

.comment        0x0000000000000000       0x50
 .comment       0x0000000000000000       0x50 ./Core/Src/main.o
                                         0x51 (size before relaxing)
 .comment       0x0000000000000050       0x51 ./Core/Src/max_matrix_stm32.o
 .comment       0x0000000000000050       0x51 ./Core/Src/rc522.o
 .comment       0x0000000000000050       0x51 ./Core/Src/stm32f4xx_hal_msp.o
 .comment       0x0000000000000050       0x51 ./Core/Src/stm32f4xx_it.o
 .comment       0x0000000000000050       0x51 ./Core/Src/sysmem.o
 .comment       0x0000000000000050       0x51 ./Core/Src/system_stm32f4xx.o
 .comment       0x0000000000000050       0x51 ./Drivers/STM32F4xx_HAL_Driver/Src/stm32f4xx_hal.o
 .comment       0x0000000000000050       0x51 ./Drivers/STM32F4xx_HAL_Driver/Src/stm32f4xx_hal_cortex.o
 .comment       0x0000000000000050       0x51 ./Drivers/STM32F4xx_HAL_Driver/Src/stm32f4xx_hal_dma.o
 .comment       0x0000000000000050       0x51 ./Drivers/STM32F4xx_HAL_Driver/Src/stm32f4xx_hal_gpio.o
 .comment       0x0000000000000050       0x51 ./Drivers/STM32F4xx_HAL_Driver/Src/stm32f4xx_hal_rcc.o
 .comment       0x0000000000000050       0x51 ./Drivers/STM32F4xx_HAL_Driver/Src/stm32f4xx_hal_spi.o
 .comment       0x0000000000000050       0x51 ./Drivers/STM32F4xx_HAL_Driver/Src/stm32f4xx_hal_tim.o
 .comment       0x0000000000000050       0x51 ./Drivers/STM32F4xx_HAL_Driver/Src/stm32f4xx_hal_tim_ex.o
 .comment       0x0000000000000050       0x51 ./Drivers/STM32F4xx_HAL_Driver/Src/stm32f4xx_hal_uart.o

.debug_frame    0x0000000000000000     0x4710
 .debug_frame   0x0000000000000000      0x1fc ./Core/Src/main.o
 .debug_frame   0x00000000000001fc      0x1c0 ./Core/Src/max_matrix_stm32.o
 .debug_frame   0x00000000000003bc      0x324 ./Core/Src/rc522.o
 .debug_frame   0x00000000000006e0      0x110 ./Core/Src/stm32f4xx_hal_msp.o
 .debug_frame   0x00000000000007f0      0x174 ./Core/Src/stm32f4xx_it.o
 .debug_frame   0x0000000000000964       0x34 ./Core/Src/sysmem.o
 .debug_frame   0x0000000000000998       0x58 ./Core/Src/system_stm32f4xx.o
 .debug_frame   0x00000000000009f0      0x374 ./Drivers/STM32F4xx_HAL_Driver/Src/stm32f4xx_hal.o
 .debug_frame   0x0000000000000d64      0x498 ./Drivers/STM32F4xx_HAL_Driver/Src/stm32f4xx_hal_cortex.o
 .debug_frame   0x00000000000011fc      0x250 ./Drivers/STM32F4xx_HAL_Driver/Src/stm32f4xx_hal_dma.o
 .debug_frame   0x000000000000144c      0x14c ./Drivers/STM32F4xx_HAL_Driver/Src/stm32f4xx_hal_gpio.o
 .debug_frame   0x0000000000001598      0x1f4 ./Drivers/STM32F4xx_HAL_Driver/Src/stm32f4xx_hal_rcc.o
 .debug_frame   0x000000000000178c      0x824 ./Drivers/STM32F4xx_HAL_Driver/Src/stm32f4xx_hal_spi.o
 .debug_frame   0x0000000000001fb0     0x11c4 ./Drivers/STM32F4xx_HAL_Driver/Src/stm32f4xx_hal_tim.o
 .debug_frame   0x0000000000003174      0x638 ./Drivers/STM32F4xx_HAL_Driver/Src/stm32f4xx_hal_tim_ex.o
 .debug_frame   0x00000000000037ac      0x92c ./Drivers/STM32F4xx_HAL_Driver/Src/stm32f4xx_hal_uart.o