../Core/Src/main.c:99:5:main	88	static
../Core/Src/main.c:191:6:SystemClock_Config	88	static
../Core/Src/main.c:237:13:MX_SPI2_Init	8	static
../Core/Src/main.c:275:13:MX_TIM4_Init	32	static
../Core/Src/main.c:320:13:MX_USART1_UART_Init	8	static
../Core/Src/main.c:353:13:MX_GPIO_Init	56	static
../Core/Src/main.c:434:6:HAL_UART_RxCpltCallback	32	static
../Core/Src/main.c:464:6:ProcessUARTCommand	136	static
../Core/Src/main.c:532:8:GetSTMuID	32	static
../Core/Src/main.c:542:6:TurnRelayEnabled	16	static
../Core/Src/main.c:563:6:TurnRelayDisabled	16	static
../Core/Src/main.c:584:6:HAL_GPIO_EXTI_Callback	40	static
../Core/Src/main.c:647:6:InteractWithRC522	48	static
../Core/Src/main.c:688:6:Error_Handler	4	static,ignoring_inline_asm
