../Core/Src/rc522.c:29:9:SPI1SendByte	32	static
../Core/Src/rc522.c:37:6:SPI1_WriteReg	16	static
../Core/Src/rc522.c:44:9:SPI1_ReadReg	24	static
../Core/Src/rc522.c:54:6:MFRC522_WriteRegister	16	static
../Core/Src/rc522.c:59:9:MFRC522_ReadRegister	24	static
../Core/Src/rc522.c:67:9:MFRC522_Check	24	static
../Core/Src/rc522.c:75:9:MFRC522_Compare	24	static
../Core/Src/rc522.c:83:6:MFRC522_SetBitMask	16	static
../Core/Src/rc522.c:87:6:MFRC522_ClearBitMask	16	static
../Core/Src/rc522.c:91:9:MFRC522_Request	32	static
../Core/Src/rc522.c:102:9:MFRC522_ToCard	40	static
../Core/Src/rc522.c:165:9:MFRC522_Anticoll	32	static
../Core/Src/rc522.c:183:6:MFRC522_CalculateCRC	40	static
../Core/Src/rc522.c:206:9:MFRC522_SelectTag	40	static
../Core/Src/rc522.c:222:9:MFRC522_Auth	48	static
../Core/Src/rc522.c:238:9:MFRC522_Read	32	static
../Core/Src/rc522.c:250:9:MFRC522_Write	48	static
../Core/Src/rc522.c:271:6:MFRC522_Init	8	static
../Core/Src/rc522.c:283:6:MFRC522_Reset	8	static
../Core/Src/rc522.c:287:6:MFRC522_AntennaOn	16	static
../Core/Src/rc522.c:294:6:MFRC522_AntennaOff	8	static
../Core/Src/rc522.c:298:6:MFRC522_Halt	24	static
